Archive member included because of file (symbol)

contiki-launchpad.a(process.o)
                              obj_launchpad/contiki-launchpad-main.o (process_init)
contiki-launchpad.a(autostart.o)
                              obj_launchpad/contiki-launchpad-main.o (autostart_start)
contiki-launchpad.a(serial-line.o)
                              obj_launchpad/contiki-launchpad-main.o (serial_line_input_byte)
contiki-launchpad.a(etimer.o)
                              obj_launchpad/contiki-launchpad-main.o (etimer_process)
contiki-launchpad.a(ctimer.o)
                              obj_launchpad/contiki-launchpad-main.o (ctimer_init)
contiki-launchpad.a(rtimer.o)
                              obj_launchpad/contiki-launchpad-main.o (rtimer_init)
contiki-launchpad.a(ringbuf.o)
                              contiki-launchpad.a(serial-line.o) (ringbuf_init)
contiki-launchpad.a(uart0.o)  obj_launchpad/contiki-launchpad-main.o (uart0_active)
contiki-launchpad.a(interface.o)
                              horloge.co (setdirport)
contiki-launchpad.a(msp430.o)
                              obj_launchpad/contiki-launchpad-main.o (msp430_cpu_init)
contiki-launchpad.a(clock.o)  contiki-launchpad.a(etimer.o) (clock_time)
contiki-launchpad.a(watchdog.o)
                              obj_launchpad/contiki-launchpad-main.o (watchdog_start)
contiki-launchpad.a(rtimer-arch.o)
                              contiki-launchpad.a(rtimer.o) (rtimer_arch_init)
contiki-launchpad.a(timer.o)  contiki-launchpad.a(etimer.o) (timer_set)
contiki-launchpad.a(list.o)   contiki-launchpad.a(ctimer.o) (list_init)
/usr/lib/gcc/msp430/4.6.3/libgcc.a(_udivmod16.o)
                              contiki-launchpad.a(rtimer-arch.o) (__udivhi3)
/usr/lib/gcc/msp430/4.6.3/../../../../msp430/lib/libc.a(puts.o)
                              obj_launchpad/contiki-launchpad-main.o (puts)
/usr/lib/gcc/msp430/4.6.3/libcrt0.a(_reset_vector__.o)
                              (_reset_vector__)
/usr/lib/gcc/msp430/4.6.3/libcrt0.a(__watchdog_support.o)
                              /usr/lib/gcc/msp430/4.6.3/libcrt0.a(_reset_vector__.o) (__watchdog_support)
/usr/lib/gcc/msp430/4.6.3/libcrt0.a(__init_stack.o)
                              /usr/lib/gcc/msp430/4.6.3/libcrt0.a(_reset_vector__.o) (__init_stack)
/usr/lib/gcc/msp430/4.6.3/libcrt0.a(__low_level_init.o)
                              /usr/lib/gcc/msp430/4.6.3/libcrt0.a(_reset_vector__.o) (__low_level_init)
/usr/lib/gcc/msp430/4.6.3/libcrt0.a(_copy_data.o)
                              /usr/lib/gcc/msp430/4.6.3/libcrt0.a(_reset_vector__.o) (__do_copy_data)
/usr/lib/gcc/msp430/4.6.3/libcrt0.a(_clear_bss.o)
                              /usr/lib/gcc/msp430/4.6.3/libcrt0.a(_reset_vector__.o) (__do_clear_bss)
/usr/lib/gcc/msp430/4.6.3/libcrt0.a(__stop_progExec__.o)
                              /usr/lib/gcc/msp430/4.6.3/libcrt0.a(_reset_vector__.o) (__stop_progExec__)
/usr/lib/gcc/msp430/4.6.3/libcrt0.a(_endless_loop__.o)
                              /usr/lib/gcc/msp430/4.6.3/libcrt0.a(_reset_vector__.o) (_endless_loop__)
/usr/lib/gcc/msp430/4.6.3/libcrt0.a(_unexpected_.o)
                              /usr/lib/gcc/msp430/4.6.3/crt0ivtbl16.o (_unexpected_)

Allocating common symbols
Common symbol       size              file

process_maxevents   0x1               contiki-launchpad.a(process.o)
spwm                0x4               contiki-launchpad.a(rtimer-arch.o)
adc_event           0x1               obj_launchpad/contiki-launchpad-main.o
serial_line_event_message
                    0x1               contiki-launchpad.a(serial-line.o)
button_event        0x1               obj_launchpad/contiki-launchpad-main.o

Discarded input sections

 .data          0x00000000        0x0 /usr/lib/gcc/msp430/4.6.3/crt0ivtbl16.o
 .bss           0x00000000        0x0 /usr/lib/gcc/msp430/4.6.3/crt0ivtbl16.o
 .text.crt0     0x00000000        0x0 /usr/lib/gcc/msp430/4.6.3/crt0ivtbl16.o
 .text          0x00000000        0x0 horloge.co
 .data          0x00000000        0x0 horloge.co
 .bss           0x00000000        0x0 horloge.co
 .text          0x00000000        0x0 obj_launchpad/contiki-launchpad-main.o
 .data          0x00000000        0x0 obj_launchpad/contiki-launchpad-main.o
 .bss           0x00000000        0x0 obj_launchpad/contiki-launchpad-main.o
 .text.msp430_request_lpm_dco
                0x00000000        0xe obj_launchpad/contiki-launchpad-main.o
 .text.msp430_return_lpm_dco
                0x00000000        0xe obj_launchpad/contiki-launchpad-main.o
 COMMON         0x00000000        0x2 obj_launchpad/contiki-launchpad-main.o
 .text          0x00000000        0x0 contiki-launchpad.a(process.o)
 .data          0x00000000        0x0 contiki-launchpad.a(process.o)
 .bss           0x00000000        0x0 contiki-launchpad.a(process.o)
 .text.process_exit
                0x00000000        0xa contiki-launchpad.a(process.o)
 .text.process_is_running
                0x00000000        0xe contiki-launchpad.a(process.o)
 .text          0x00000000        0x0 contiki-launchpad.a(autostart.o)
 .data          0x00000000        0x0 contiki-launchpad.a(autostart.o)
 .bss           0x00000000        0x0 contiki-launchpad.a(autostart.o)
 .text.autostart_exit
                0x00000000       0x14 contiki-launchpad.a(autostart.o)
 .text          0x00000000        0x0 contiki-launchpad.a(serial-line.o)
 .data          0x00000000        0x0 contiki-launchpad.a(serial-line.o)
 .bss           0x00000000        0x0 contiki-launchpad.a(serial-line.o)
 .text          0x00000000        0x0 contiki-launchpad.a(etimer.o)
 .data          0x00000000        0x0 contiki-launchpad.a(etimer.o)
 .bss           0x00000000        0x0 contiki-launchpad.a(etimer.o)
 .text.etimer_reset
                0x00000000       0x12 contiki-launchpad.a(etimer.o)
 .text.etimer_restart
                0x00000000       0x12 contiki-launchpad.a(etimer.o)
 .text.etimer_adjust
                0x00000000       0x1a contiki-launchpad.a(etimer.o)
 .text.etimer_expiration_time
                0x00000000       0x14 contiki-launchpad.a(etimer.o)
 .text.etimer_start_time
                0x00000000        0x8 contiki-launchpad.a(etimer.o)
 .text.etimer_stop
                0x00000000       0x3c contiki-launchpad.a(etimer.o)
 .text          0x00000000        0x0 contiki-launchpad.a(ctimer.o)
 .data          0x00000000        0x0 contiki-launchpad.a(ctimer.o)
 .bss           0x00000000        0x0 contiki-launchpad.a(ctimer.o)
 .text.ctimer_set
                0x00000000       0x5a contiki-launchpad.a(ctimer.o)
 .text.ctimer_reset
                0x00000000       0x3a contiki-launchpad.a(ctimer.o)
 .text.ctimer_restart
                0x00000000       0x3a contiki-launchpad.a(ctimer.o)
 .text.ctimer_stop
                0x00000000       0x28 contiki-launchpad.a(ctimer.o)
 .text.ctimer_expired
                0x00000000       0x32 contiki-launchpad.a(ctimer.o)
 .text          0x00000000        0x0 contiki-launchpad.a(rtimer.o)
 .data          0x00000000        0x0 contiki-launchpad.a(rtimer.o)
 .bss           0x00000000        0x0 contiki-launchpad.a(rtimer.o)
 .text.rtimer_set
                0x00000000       0x24 contiki-launchpad.a(rtimer.o)
 .text          0x00000000        0x0 contiki-launchpad.a(ringbuf.o)
 .data          0x00000000        0x0 contiki-launchpad.a(ringbuf.o)
 .bss           0x00000000        0x0 contiki-launchpad.a(ringbuf.o)
 .text.ringbuf_size
                0x00000000        0x8 contiki-launchpad.a(ringbuf.o)
 .text.ringbuf_elements
                0x00000000       0x12 contiki-launchpad.a(ringbuf.o)
 .text          0x00000000        0x0 contiki-launchpad.a(uart0.o)
 .data          0x00000000        0x0 contiki-launchpad.a(uart0.o)
 .bss           0x00000000        0x0 contiki-launchpad.a(uart0.o)
 .text          0x00000000        0x0 contiki-launchpad.a(interface.o)
 .data          0x00000000        0x0 contiki-launchpad.a(interface.o)
 .bss           0x00000000        0x0 contiki-launchpad.a(interface.o)
 .text          0x00000000        0x0 contiki-launchpad.a(msp430.o)
 .data          0x00000000        0x0 contiki-launchpad.a(msp430.o)
 .bss           0x00000000        0x0 contiki-launchpad.a(msp430.o)
 .text.w_memcpy
                0x00000000       0x12 contiki-launchpad.a(msp430.o)
 .text.w_memset
                0x00000000       0x12 contiki-launchpad.a(msp430.o)
 .text          0x00000000        0x0 contiki-launchpad.a(clock.o)
 .data          0x00000000        0x0 contiki-launchpad.a(clock.o)
 .bss           0x00000000        0x0 contiki-launchpad.a(clock.o)
 .text.clock_set
                0x00000000       0x16 contiki-launchpad.a(clock.o)
 .text.clock_fine_max
                0x00000000        0x6 contiki-launchpad.a(clock.o)
 .text.clock_fine
                0x00000000        0xc contiki-launchpad.a(clock.o)
 .text.clock_delay
                0x00000000        0xc contiki-launchpad.a(clock.o)
 .text.clock_wait
                0x00000000       0x34 contiki-launchpad.a(clock.o)
 .text.clock_set_seconds
                0x00000000       0x1c contiki-launchpad.a(clock.o)
 .text.clock_seconds
                0x00000000       0x1a contiki-launchpad.a(clock.o)
 .text.clock_counter
                0x00000000        0xe contiki-launchpad.a(clock.o)
 .text          0x00000000        0x0 contiki-launchpad.a(watchdog.o)
 .data          0x00000000        0x0 contiki-launchpad.a(watchdog.o)
 .bss           0x00000000        0x0 contiki-launchpad.a(watchdog.o)
 .text.watchdog_reboot
                0x00000000        0x6 contiki-launchpad.a(watchdog.o)
 .text          0x00000000        0x0 contiki-launchpad.a(rtimer-arch.o)
 .data          0x00000000        0x0 contiki-launchpad.a(rtimer-arch.o)
 .bss           0x00000000        0x0 contiki-launchpad.a(rtimer-arch.o)
 .text.rtimer_arch_now
                0x00000000       0x20 contiki-launchpad.a(rtimer-arch.o)
 .text.simple_pwm_confpin
                0x00000000       0x3c contiki-launchpad.a(rtimer-arch.o)
 .text.simple_pwm_on
                0x00000000       0x92 contiki-launchpad.a(rtimer-arch.o)
 .text.simple_pwm_pulsetime
                0x00000000       0x74 contiki-launchpad.a(rtimer-arch.o)
 .text.simple_pwm_off
                0x00000000       0x26 contiki-launchpad.a(rtimer-arch.o)
 .text          0x00000000        0x0 contiki-launchpad.a(timer.o)
 .data          0x00000000        0x0 contiki-launchpad.a(timer.o)
 .bss           0x00000000        0x0 contiki-launchpad.a(timer.o)
 .text.timer_reset
                0x00000000        0xe contiki-launchpad.a(timer.o)
 .text.timer_restart
                0x00000000       0x14 contiki-launchpad.a(timer.o)
 .text.timer_remaining
                0x00000000       0x28 contiki-launchpad.a(timer.o)
 .text          0x00000000        0x0 contiki-launchpad.a(list.o)
 .data          0x00000000        0x0 contiki-launchpad.a(list.o)
 .bss           0x00000000        0x0 contiki-launchpad.a(list.o)
 .text.list_copy
                0x00000000        0x6 contiki-launchpad.a(list.o)
 .text.list_tail
                0x00000000       0x12 contiki-launchpad.a(list.o)
 .text.list_chop
                0x00000000       0x24 contiki-launchpad.a(list.o)
 .text.list_pop
                0x00000000        0xe contiki-launchpad.a(list.o)
 .text.list_push
                0x00000000       0x1a contiki-launchpad.a(list.o)
 .text.list_add
                0x00000000       0x2a contiki-launchpad.a(list.o)
 .text.list_length
                0x00000000       0x10 contiki-launchpad.a(list.o)
 .text.list_insert
                0x00000000       0x16 contiki-launchpad.a(list.o)
 .text.list_item_next
                0x00000000        0xc contiki-launchpad.a(list.o)
 .text          0x00000000        0x0 /usr/lib/gcc/msp430/4.6.3/libgcc.a(_udivmod16.o)
 .data          0x00000000        0x0 /usr/lib/gcc/msp430/4.6.3/libgcc.a(_udivmod16.o)
 .bss           0x00000000        0x0 /usr/lib/gcc/msp430/4.6.3/libgcc.a(_udivmod16.o)
 .text.libgcc   0x00000000       0x22 /usr/lib/gcc/msp430/4.6.3/libgcc.a(_udivmod16.o)
 .data          0x00000000        0x0 /usr/lib/gcc/msp430/4.6.3/../../../../msp430/lib/libc.a(puts.o)
 .bss           0x00000000        0x0 /usr/lib/gcc/msp430/4.6.3/../../../../msp430/lib/libc.a(puts.o)
 .text          0x00000000        0x0 /usr/lib/gcc/msp430/4.6.3/libcrt0.a(_reset_vector__.o)
 .data          0x00000000        0x0 /usr/lib/gcc/msp430/4.6.3/libcrt0.a(_reset_vector__.o)
 .bss           0x00000000        0x0 /usr/lib/gcc/msp430/4.6.3/libcrt0.a(_reset_vector__.o)
 .text          0x00000000        0x0 /usr/lib/gcc/msp430/4.6.3/libcrt0.a(__watchdog_support.o)
 .data          0x00000000        0x0 /usr/lib/gcc/msp430/4.6.3/libcrt0.a(__watchdog_support.o)
 .bss           0x00000000        0x0 /usr/lib/gcc/msp430/4.6.3/libcrt0.a(__watchdog_support.o)
 .text          0x00000000        0x0 /usr/lib/gcc/msp430/4.6.3/libcrt0.a(__init_stack.o)
 .data          0x00000000        0x0 /usr/lib/gcc/msp430/4.6.3/libcrt0.a(__init_stack.o)
 .bss           0x00000000        0x0 /usr/lib/gcc/msp430/4.6.3/libcrt0.a(__init_stack.o)
 .text          0x00000000        0x0 /usr/lib/gcc/msp430/4.6.3/libcrt0.a(__low_level_init.o)
 .data          0x00000000        0x0 /usr/lib/gcc/msp430/4.6.3/libcrt0.a(__low_level_init.o)
 .bss           0x00000000        0x0 /usr/lib/gcc/msp430/4.6.3/libcrt0.a(__low_level_init.o)
 .text          0x00000000        0x0 /usr/lib/gcc/msp430/4.6.3/libcrt0.a(_copy_data.o)
 .data          0x00000000        0x0 /usr/lib/gcc/msp430/4.6.3/libcrt0.a(_copy_data.o)
 .bss           0x00000000        0x0 /usr/lib/gcc/msp430/4.6.3/libcrt0.a(_copy_data.o)
 .text          0x00000000        0x0 /usr/lib/gcc/msp430/4.6.3/libcrt0.a(_clear_bss.o)
 .data          0x00000000        0x0 /usr/lib/gcc/msp430/4.6.3/libcrt0.a(_clear_bss.o)
 .bss           0x00000000        0x0 /usr/lib/gcc/msp430/4.6.3/libcrt0.a(_clear_bss.o)
 .text          0x00000000        0x0 /usr/lib/gcc/msp430/4.6.3/libcrt0.a(__stop_progExec__.o)
 .data          0x00000000        0x0 /usr/lib/gcc/msp430/4.6.3/libcrt0.a(__stop_progExec__.o)
 .bss           0x00000000        0x0 /usr/lib/gcc/msp430/4.6.3/libcrt0.a(__stop_progExec__.o)
 .text          0x00000000        0x0 /usr/lib/gcc/msp430/4.6.3/libcrt0.a(_endless_loop__.o)
 .data          0x00000000        0x0 /usr/lib/gcc/msp430/4.6.3/libcrt0.a(_endless_loop__.o)
 .bss           0x00000000        0x0 /usr/lib/gcc/msp430/4.6.3/libcrt0.a(_endless_loop__.o)
 .text          0x00000000        0x0 /usr/lib/gcc/msp430/4.6.3/libcrt0.a(_unexpected_.o)
 .data          0x00000000        0x0 /usr/lib/gcc/msp430/4.6.3/libcrt0.a(_unexpected_.o)
 .bss           0x00000000        0x0 /usr/lib/gcc/msp430/4.6.3/libcrt0.a(_unexpected_.o)

Memory Configuration

Name             Origin             Length             Attributes
sfr              0x00000000         0x00000010
peripheral_8bit  0x00000010         0x000000f0
peripheral_16bit 0x00000100         0x00000100
ram              0x00000200         0x00000200         xw
infomem          0x00001000         0x00000100
infod            0x00001000         0x00000040
infoc            0x00001040         0x00000040
infob            0x00001080         0x00000040
infoa            0x000010c0         0x00000040
rom              0x0000c000         0x00003fe0         xr
vectors          0x0000ffe0         0x00000020
bsl              0x00000000         0x00000000
ram2             0x00000000         0x00000000         xw
ram_mirror       0x00000000         0x00000000         xw
usbram           0x00000000         0x00000000         xw
far_rom          0x00000000         0x00000000
*default*        0x00000000         0xffffffff

Linker script and memory map

LOAD /usr/lib/gcc/msp430/4.6.3/crt0ivtbl16.o
LOAD horloge.co
LOAD obj_launchpad/contiki-launchpad-main.o
LOAD contiki-launchpad.a
LOAD /usr/lib/gcc/msp430/4.6.3/libgcc.a
LOAD /usr/lib/gcc/msp430/4.6.3/../../../../msp430/lib/libc.a
LOAD /usr/lib/gcc/msp430/4.6.3/libgcc.a
LOAD /usr/lib/gcc/msp430/4.6.3/libcrt0.a
                0x00000040                PROVIDE (__info_segment_size, 0x40)
                0x00001000                PROVIDE (__infod, 0x1000)
                0x00001040                PROVIDE (__infoc, 0x1040)
                0x00001080                PROVIDE (__infob, 0x1080)
                0x000010c0                PROVIDE (__infoa, 0x10c0)
                0x00000000                __IE1 = 0x0
                0x00000002                __IFG1 = 0x2
                0x00000001                __IE2 = 0x1
                0x00000003                __IFG2 = 0x3
                0x00000048                __ADC10DTC0 = 0x48
                0x00000049                __ADC10DTC1 = 0x49
                0x0000004a                __ADC10AE0 = 0x4a
                0x000001b0                __ADC10CTL0 = 0x1b0
                0x000001b2                __ADC10CTL1 = 0x1b2
                0x000001b4                __ADC10MEM = 0x1b4
                0x000001bc                __ADC10SA = 0x1bc
                0x00000056                __DCOCTL = 0x56
                0x00000057                __BCSCTL1 = 0x57
                0x00000058                __BCSCTL2 = 0x58
                0x00000053                __BCSCTL3 = 0x53
                0x00000059                __CACTL1 = 0x59
                0x0000005a                __CACTL2 = 0x5a
                0x0000005b                __CAPD = 0x5b
                0x00000128                __FCTL1 = 0x128
                0x0000012a                __FCTL2 = 0x12a
                0x0000012c                __FCTL3 = 0x12c
                0x00000020                __P1IN = 0x20
                0x00000021                __P1OUT = 0x21
                0x00000022                __P1DIR = 0x22
                0x00000023                __P1IFG = 0x23
                0x00000024                __P1IES = 0x24
                0x00000025                __P1IE = 0x25
                0x00000026                __P1SEL = 0x26
                0x00000041                __P1SEL2 = 0x41
                0x00000027                __P1REN = 0x27
                0x00000028                __P2IN = 0x28
                0x00000029                __P2OUT = 0x29
                0x0000002a                __P2DIR = 0x2a
                0x0000002b                __P2IFG = 0x2b
                0x0000002c                __P2IES = 0x2c
                0x0000002d                __P2IE = 0x2d
                0x0000002e                __P2SEL = 0x2e
                0x00000042                __P2SEL2 = 0x42
                0x0000002f                __P2REN = 0x2f
                0x00000018                __P3IN = 0x18
                0x00000019                __P3OUT = 0x19
                0x0000001a                __P3DIR = 0x1a
                0x0000001b                __P3SEL = 0x1b
                0x00000043                __P3SEL2 = 0x43
                0x00000010                __P3REN = 0x10
                0x0000012e                __TA0IV = 0x12e
                0x00000160                __TA0CTL = 0x160
                0x00000162                __TA0CCTL0 = 0x162
                0x00000164                __TA0CCTL1 = 0x164
                0x00000166                __TA0CCTL2 = 0x166
                0x00000170                __TA0R = 0x170
                0x00000172                __TA0CCR0 = 0x172
                0x00000174                __TA0CCR1 = 0x174
                0x00000176                __TA0CCR2 = 0x176
                0x0000011e                __TA1IV = 0x11e
                0x00000180                __TA1CTL = 0x180
                0x00000182                __TA1CCTL0 = 0x182
                0x00000184                __TA1CCTL1 = 0x184
                0x00000186                __TA1CCTL2 = 0x186
                0x00000190                __TA1R = 0x190
                0x00000192                __TA1CCR0 = 0x192
                0x00000194                __TA1CCR1 = 0x194
                0x00000196                __TA1CCR2 = 0x196
                0x00000060                __UCA0CTL0 = 0x60
                0x00000061                __UCA0CTL1 = 0x61
                0x00000062                __UCA0BR0 = 0x62
                0x00000063                __UCA0BR1 = 0x63
                0x00000064                __UCA0MCTL = 0x64
                0x00000065                __UCA0STAT = 0x65
                0x00000066                __UCA0RXBUF = 0x66
                0x00000067                __UCA0TXBUF = 0x67
                0x0000005d                __UCA0ABCTL = 0x5d
                0x0000005e                __UCA0IRTCTL = 0x5e
                0x0000005f                __UCA0IRRCTL = 0x5f
                0x00000068                __UCB0CTL0 = 0x68
                0x00000069                __UCB0CTL1 = 0x69
                0x0000006a                __UCB0BR0 = 0x6a
                0x0000006b                __UCB0BR1 = 0x6b
                0x0000006c                __UCB0I2CIE = 0x6c
                0x0000006d                __UCB0STAT = 0x6d
                0x0000006e                __UCB0RXBUF = 0x6e
                0x0000006f                __UCB0TXBUF = 0x6f
                0x00000118                __UCB0I2COA = 0x118
                0x0000011a                __UCB0I2CSA = 0x11a
                0x00000120                __WDTCTL = 0x120
                0x000010f8                __CALDCO_16MHZ = 0x10f8
                0x000010f9                __CALBC1_16MHZ = 0x10f9
                0x000010fa                __CALDCO_12MHZ = 0x10fa
                0x000010fb                __CALBC1_12MHZ = 0x10fb
                0x000010fc                __CALDCO_8MHZ = 0x10fc
                0x000010fd                __CALBC1_8MHZ = 0x10fd
                0x000010fe                __CALDCO_1MHZ = 0x10fe
                0x000010ff                __CALBC1_1MHZ = 0x10ff

.hash
 *(.hash)

.dynsym
 *(.dynsym)

.dynstr
 *(.dynstr)

.gnu.version
 *(.gnu.version)

.gnu.version_d
 *(.gnu.version_d)

.gnu.version_r
 *(.gnu.version_r)

.rel.init
 *(.rel.init)

.rela.init
 *(.rela.init)

.rel.fini
 *(.rel.fini)

.rela.fini
 *(.rela.fini)

.rel.text
 *(.rel.text .rel.text.* .rel.gnu.linkonce.t.*)

.rela.text
 *(.rela.text .rela.text.* .rela.gnu.linkonce.t.*)

.rel.rodata
 *(.rel.rodata .rel.rodata.* .rel.gnu.linkonce.r.*)

.rela.rodata
 *(.rela.rodata .rela.rodata.* .rela.gnu.linkonce.r.*)

.rel.data
 *(.rel.data .rel.data.* .rel.gnu.linkonce.d.*)

.rela.data
 *(.rela.data .rela.data.* .rela.gnu.linkonce.d.*)

.rel.bss
 *(.rel.bss .rel.bss.* .rel.gnu.linkonce.b.*)

.rela.bss
 *(.rela.bss .rela.bss.* .rela.gnu.linkonce.b.*)

.rel.ctors
 *(.rel.ctors)

.rela.ctors
 *(.rela.ctors)

.rel.dtors
 *(.rel.dtors)

.rela.dtors
 *(.rela.dtors)

.rel.got
 *(.rel.got)

.rela.got
 *(.rela.got)

.rel.plt
 *(.rel.plt)

.rela.plt
 *(.rela.plt)

.text           0x0000c000      0xdb6
                0x0000c000                . = ALIGN (0x2)
 *(.init .init.*)
 *(.init0)
 .init0         0x0000c000        0x0 /usr/lib/gcc/msp430/4.6.3/libcrt0.a(_reset_vector__.o)
                0x0000c000                _reset_vector__
 *(.init1)
 .init1         0x0000c000        0xc /usr/lib/gcc/msp430/4.6.3/libcrt0.a(__watchdog_support.o)
                0x0000c000                __watchdog_support
 *(.init2)
 .init2         0x0000c00c        0x4 /usr/lib/gcc/msp430/4.6.3/libcrt0.a(__init_stack.o)
                0x0000c00c                __init_stack
 *(.init3)
 .init3         0x0000c010        0x0 /usr/lib/gcc/msp430/4.6.3/libcrt0.a(__low_level_init.o)
                0x0000c010                __low_level_init
 *(.init4)
 .init4         0x0000c010       0x18 /usr/lib/gcc/msp430/4.6.3/libcrt0.a(_copy_data.o)
                0x0000c010                __do_copy_data
 .init4         0x0000c028       0x16 /usr/lib/gcc/msp430/4.6.3/libcrt0.a(_clear_bss.o)
                0x0000c028                __do_clear_bss
 *(.init5)
 *(.init6)
 *(.init7)
 *(.init8)
 *(.init9)
 .init9         0x0000c03e       0x7c obj_launchpad/contiki-launchpad-main.o
                0x0000c03e                main
 *(.fini9)
 .fini9         0x0000c0ba        0x0 /usr/lib/gcc/msp430/4.6.3/libcrt0.a(__stop_progExec__.o)
                0x0000c0ba                __stop_progExec__
 *(.fini8)
 *(.fini7)
 *(.fini6)
 *(.fini5)
 *(.fini4)
 *(.fini3)
 *(.fini2)
 *(.fini1)
 *(.fini0)
 .fini0         0x0000c0ba        0x6 /usr/lib/gcc/msp430/4.6.3/libcrt0.a(_endless_loop__.o)
                0x0000c0ba                _endless_loop__
 *(.fini .fini.*)
                0x0000c0c0                . = ALIGN (0x2)
                0x0000c0c0                __ctors_start = .
 *(.ctors)
                0x0000c0c0                __ctors_end = .
                0x0000c0c0                __dtors_start = .
 *(.dtors)
                0x0000c0c0                __dtors_end = .
                0x0000c0c0                . = ALIGN (0x2)
 *(.text .text.* .gnu.linkonce.t.*)
 .text          0x0000c0c0        0x4 /usr/lib/gcc/msp430/4.6.3/crt0ivtbl16.o
                0x0000c0c0                __isr_14
                0x0000c0c0                __isr_4
                0x0000c0c0                __isr_11
                0x0000c0c0                __isr_5
                0x0000c0c0                __isr_2
                0x0000c0c0                __isr_0
                0x0000c0c0                __isr_3
                0x0000c0c0                __isr_12
                0x0000c0c0                __isr_13
                0x0000c0c0                __isr_6
                0x0000c0c0                __isr_1
 .text.to_segments
                0x0000c0c4       0x16 horloge.co
                0x0000c0c4                to_segments
 .text.process_thread_horloge_process
                0x0000c0da      0x108 horloge.co
 .text.call_process
                0x0000c1e2       0x4a contiki-launchpad.a(process.o)
 .text.exit_process
                0x0000c22c       0x96 contiki-launchpad.a(process.o)
 .text.do_poll  0x0000c2c2       0x30 contiki-launchpad.a(process.o)
 .text.process_alloc_event
                0x0000c2f2        0xe contiki-launchpad.a(process.o)
                0x0000c2f2                process_alloc_event
 .text.process_init
                0x0000c300       0x1c contiki-launchpad.a(process.o)
                0x0000c300                process_init
 .text.process_run
                0x0000c31c       0xa2 contiki-launchpad.a(process.o)
                0x0000c31c                process_run
 .text.process_nevents
                0x0000c3be        0xe contiki-launchpad.a(process.o)
                0x0000c3be                process_nevents
 .text.process_post
                0x0000c3cc       0x54 contiki-launchpad.a(process.o)
                0x0000c3cc                process_post
 .text.process_post_synch
                0x0000c420       0x12 contiki-launchpad.a(process.o)
                0x0000c420                process_post_synch
 .text.process_start
                0x0000c432       0x32 contiki-launchpad.a(process.o)
                0x0000c432                process_start
 .text.process_poll
                0x0000c464       0x18 contiki-launchpad.a(process.o)
                0x0000c464                process_poll
 .text.autostart_start
                0x0000c47c       0x16 contiki-launchpad.a(autostart.o)
                0x0000c47c                autostart_start
 .text.process_thread_serial_line_process
                0x0000c492       0x9c contiki-launchpad.a(serial-line.o)
 .text.serial_line_input_byte
                0x0000c52e       0x4a contiki-launchpad.a(serial-line.o)
                0x0000c52e                serial_line_input_byte
 .text.serial_line_init
                0x0000c578       0x1c contiki-launchpad.a(serial-line.o)
                0x0000c578                serial_line_init
 .text.update_time
                0x0000c594       0x78 contiki-launchpad.a(etimer.o)
 .text.etimer_request_poll
                0x0000c60c        0xa contiki-launchpad.a(etimer.o)
                0x0000c60c                etimer_request_poll
 .text.process_thread_etimer_process
                0x0000c616       0xc8 contiki-launchpad.a(etimer.o)
 .text.add_timer
                0x0000c6de       0x38 contiki-launchpad.a(etimer.o)
 .text.etimer_set
                0x0000c716       0x12 contiki-launchpad.a(etimer.o)
                0x0000c716                etimer_set
 .text.etimer_expired
                0x0000c728        0xe contiki-launchpad.a(etimer.o)
                0x0000c728                etimer_expired
 .text.etimer_pending
                0x0000c736        0xc contiki-launchpad.a(etimer.o)
                0x0000c736                etimer_pending
 .text.etimer_next_expiration_time
                0x0000c742       0x16 contiki-launchpad.a(etimer.o)
                0x0000c742                etimer_next_expiration_time
 .text.process_thread_ctimer_process
                0x0000c758       0xa4 contiki-launchpad.a(ctimer.o)
 .text.ctimer_init
                0x0000c7fc       0x18 contiki-launchpad.a(ctimer.o)
                0x0000c7fc                ctimer_init
 .text.rtimer_init
                0x0000c814        0x6 contiki-launchpad.a(rtimer.o)
                0x0000c814                rtimer_init
 .text.rtimer_run_next
                0x0000c81a       0x26 contiki-launchpad.a(rtimer.o)
                0x0000c81a                rtimer_run_next
 .text.ringbuf_init
                0x0000c840       0x14 contiki-launchpad.a(ringbuf.o)
                0x0000c840                ringbuf_init
 .text.ringbuf_put
                0x0000c854       0x38 contiki-launchpad.a(ringbuf.o)
                0x0000c854                ringbuf_put
 .text.ringbuf_get
                0x0000c88c       0x32 contiki-launchpad.a(ringbuf.o)
                0x0000c88c                ringbuf_get
 .text.uart0_active
                0x0000c8be       0x16 contiki-launchpad.a(uart0.o)
                0x0000c8be                uart0_active
 .text.uart0_set_input
                0x0000c8d4        0x6 contiki-launchpad.a(uart0.o)
                0x0000c8d4                uart0_set_input
 .text.uart0_writeb
                0x0000c8da       0x18 contiki-launchpad.a(uart0.o)
                0x0000c8da                uart0_writeb
 .text.putchar  0x0000c8f2       0x10 contiki-launchpad.a(uart0.o)
                0x0000c8f2                putchar
 .text.uart0_init
                0x0000c902       0x3e contiki-launchpad.a(uart0.o)
                0x0000c902                uart0_init
 .text.uartA0B0_rx_interrupt
                0x0000c940       0x38 contiki-launchpad.a(uart0.o)
                0x0000c940                __isr_7
                0x0000c940                uartA0B0_rx_interrupt
 .text.setdirport
                0x0000c978       0x52 contiki-launchpad.a(interface.o)
                0x0000c978                setdirport
 .text.writeport
                0x0000c9ca       0x52 contiki-launchpad.a(interface.o)
                0x0000c9ca                writeport
 .text.readport
                0x0000ca1c       0x4e contiki-launchpad.a(interface.o)
                0x0000ca1c                readport
 .text.msp430_init_dco
                0x0000ca6a       0x2c contiki-launchpad.a(msp430.o)
                0x0000ca6a                msp430_init_dco
 .text.msp430_cpu_init
                0x0000ca96       0x3e contiki-launchpad.a(msp430.o)
                0x0000ca96                msp430_cpu_init
 .text.clock_time
                0x0000cad4       0x1a contiki-launchpad.a(clock.o)
                0x0000cad4                clock_time
 .text.timera0_interrupt
                0x0000caee       0xb0 contiki-launchpad.a(clock.o)
                0x0000caee                timera0_interrupt
                0x0000caee                __isr_9
 .text.clock_init
                0x0000cb9e       0x28 contiki-launchpad.a(clock.o)
                0x0000cb9e                clock_init
 .text.watchdog_interrupt
                0x0000cbc6        0x6 contiki-launchpad.a(watchdog.o)
                0x0000cbc6                __isr_10
                0x0000cbc6                watchdog_interrupt
 .text.watchdog_start
                0x0000cbcc       0x14 contiki-launchpad.a(watchdog.o)
                0x0000cbcc                watchdog_start
 .text.watchdog_periodic
                0x0000cbe0       0x12 contiki-launchpad.a(watchdog.o)
                0x0000cbe0                watchdog_periodic
 .text.watchdog_stop
                0x0000cbf2       0x16 contiki-launchpad.a(watchdog.o)
                0x0000cbf2                watchdog_stop
 .text.watchdog_init
                0x0000cc08       0x14 contiki-launchpad.a(watchdog.o)
                0x0000cc08                watchdog_init
 .text.rtimer_a01_isr
                0x0000cc1c       0xce contiki-launchpad.a(rtimer-arch.o)
                0x0000cc1c                rtimer_a01_isr
                0x0000cc1c                __isr_8
 .text.rtimer_arch_init
                0x0000ccea       0x14 contiki-launchpad.a(rtimer-arch.o)
                0x0000ccea                rtimer_arch_init
 .text.rtimer_arch_schedule
                0x0000ccfe        0x6 contiki-launchpad.a(rtimer-arch.o)
                0x0000ccfe                rtimer_arch_schedule
 .text.timer_set
                0x0000cd04       0x1c contiki-launchpad.a(timer.o)
                0x0000cd04                timer_set
 .text.timer_expired
                0x0000cd20       0x2a contiki-launchpad.a(timer.o)
                0x0000cd20                timer_expired
 .text.list_init
                0x0000cd4a        0x6 contiki-launchpad.a(list.o)
                0x0000cd4a                list_init
 .text.list_head
                0x0000cd50        0x4 contiki-launchpad.a(list.o)
                0x0000cd50                list_head
 .text.list_remove
                0x0000cd54       0x34 contiki-launchpad.a(list.o)
                0x0000cd54                list_remove
 .text          0x0000cd88       0x2c /usr/lib/gcc/msp430/4.6.3/../../../../msp430/lib/libc.a(puts.o)
                0x0000cd88                puts
 .text.crt0     0x0000cdb4        0x2 /usr/lib/gcc/msp430/4.6.3/libcrt0.a(_unexpected_.o)
                0x0000cdb4                _unexpected_
                0x0000cdb6                . = ALIGN (0x2)

.rodata         0x0000cdb6       0x76
                0x0000cdb6                . = ALIGN (0x2)
 *(.rodata .rodata.* .gnu.linkonce.r.*)
 .rodata.autostart_processes
                0x0000cdb6        0x4 horloge.co
                0x0000cdb6                autostart_processes
 .rodata        0x0000cdba        0x8 horloge.co
 .rodata.CSWTCH.14
                0x0000cdc2        0x9 horloge.co
 .rodata        0x0000cdcb       0x15 obj_launchpad/contiki-launchpad-main.o
 .rodata        0x0000cde0        0xe contiki-launchpad.a(serial-line.o)
 .rodata        0x0000cdee        0xc contiki-launchpad.a(etimer.o)
 .rodata        0x0000cdfa        0xf contiki-launchpad.a(ctimer.o)
 .rodata.tailleport
                0x0000ce09        0x2 contiki-launchpad.a(interface.o)
                0x0000ce09                tailleport
 *fill*         0x0000ce0b        0x1 00
 .rodata.portmap
                0x0000ce0c       0x20 contiki-launchpad.a(interface.o)
                0x0000ce0c                portmap
                0x0000ce2c                . = ALIGN (0x2)
                0x0000ce2c                _etext = .

.data           0x00000200       0x3c load address 0x0000ce2c
                0x00000200                . = ALIGN (0x2)
                0x00000200                PROVIDE (__data_start, .)
 *(.data .data.* .gnu.linkonce.d.*)
 .data.horloge_process
                0x00000200        0xa horloge.co
                0x00000200                horloge_process
 .data.serial_line_process
                0x0000020a        0xa contiki-launchpad.a(serial-line.o)
                0x0000020a                serial_line_process
 .data.etimer_process
                0x00000214        0xa contiki-launchpad.a(etimer.o)
                0x00000214                etimer_process
 .data.ctimer_process
                0x0000021e        0xa contiki-launchpad.a(ctimer.o)
                0x0000021e                ctimer_process
 .data.portout  0x00000228        0x6 contiki-launchpad.a(interface.o)
                0x00000228                portout
 .data.portin   0x0000022e        0x6 contiki-launchpad.a(interface.o)
                0x0000022e                portin
 .data.portdir  0x00000234        0x6 contiki-launchpad.a(interface.o)
                0x00000234                portdir
 .data.cur_break
                0x0000023a        0x2 contiki-launchpad.a(msp430.o)
                0x0000023c                . = ALIGN (0x2)
                0x0000023c                _edata = .
                0x0000ce2c                PROVIDE (__data_load_start, LOADADDR (.data))
                0x0000003c                PROVIDE (__data_size, SIZEOF (.data))

.bss            0x0000023c       0xc4 load address 0x0000ce68
                0x0000023c                PROVIDE (__bss_start, .)
 *(.bss .bss.*)
 .bss.flags     0x0000023c        0x1 horloge.co
                0x0000023c                flags
 .bss.is_lock   0x0000023d        0x1 horloge.co
                0x0000023d                is_lock
 .bss.unit_show
                0x0000023e        0x1 horloge.co
                0x0000023e                unit_show
 *fill*         0x0000023f        0x1 00
 .bss.div_clock
                0x00000240        0x2 horloge.co
                0x00000240                div_clock
 .bss.unit_counter
                0x00000242        0x1 horloge.co
                0x00000242                unit_counter
 .bss.ten_counter
                0x00000243        0x1 horloge.co
                0x00000243                ten_counter
 .bss.et        0x00000244        0xc horloge.co
 .bss.dcoreq    0x00000250        0x1 obj_launchpad/contiki-launchpad-main.o
 .bss.poll_requested
                0x00000251        0x1 contiki-launchpad.a(process.o)
 .bss.process_current
                0x00000252        0x2 contiki-launchpad.a(process.o)
                0x00000252                process_current
 .bss.process_list
                0x00000254        0x2 contiki-launchpad.a(process.o)
                0x00000254                process_list
 .bss.lastevent
                0x00000256        0x1 contiki-launchpad.a(process.o)
 .bss.fevent    0x00000257        0x1 contiki-launchpad.a(process.o)
 .bss.nevents   0x00000258        0x1 contiki-launchpad.a(process.o)
 *fill*         0x00000259        0x1 00
 .bss.events    0x0000025a       0x30 contiki-launchpad.a(process.o)
 .bss.ev.1739   0x0000028a        0x1 contiki-launchpad.a(process.o)
 *fill*         0x0000028b        0x1 00
 .bss.data.1740
                0x0000028c        0x2 contiki-launchpad.a(process.o)
 .bss.receiver.1741
                0x0000028e        0x2 contiki-launchpad.a(process.o)
 .bss.p.1742    0x00000290        0x2 contiki-launchpad.a(process.o)
 .bss.snum.1757
                0x00000292        0x1 contiki-launchpad.a(process.o)
 .bss.overflow.1814
                0x00000293        0x1 contiki-launchpad.a(serial-line.o)
 .bss.rxbuf     0x00000294        0x6 contiki-launchpad.a(serial-line.o)
 .bss.ptr.1821  0x0000029a        0x2 contiki-launchpad.a(serial-line.o)
 .bss.buf.1820  0x0000029c       0x20 contiki-launchpad.a(serial-line.o)
 .bss.rxbuf_data
                0x000002bc       0x20 contiki-launchpad.a(serial-line.o)
 .bss.timerlist
                0x000002dc        0x2 contiki-launchpad.a(etimer.o)
 .bss.next_expiration
                0x000002de        0x4 contiki-launchpad.a(etimer.o)
 .bss.initialized
                0x000002e2        0x1 contiki-launchpad.a(ctimer.o)
 *fill*         0x000002e3        0x1 00
 .bss.ctimer_list_list
                0x000002e4        0x2 contiki-launchpad.a(ctimer.o)
 .bss.next_rtimer
                0x000002e6        0x2 contiki-launchpad.a(rtimer.o)
 .bss.transmitting
                0x000002e8        0x1 contiki-launchpad.a(uart0.o)
 .bss.rx_in_progress
                0x000002e9        0x1 contiki-launchpad.a(uart0.o)
 .bss.uart0_input_handler
                0x000002ea        0x2 contiki-launchpad.a(uart0.o)
 .bss.last_tar  0x000002ec        0x2 contiki-launchpad.a(clock.o)
 .bss.count     0x000002ee        0x4 contiki-launchpad.a(clock.o)
 .bss.seconds   0x000002f2        0x4 contiki-launchpad.a(clock.o)
 .bss.counter   0x000002f6        0x2 contiki-launchpad.a(watchdog.o)
 .bss.period_end
                0x000002f8        0x1 contiki-launchpad.a(rtimer-arch.o)
 *(COMMON)
 COMMON         0x000002f9        0x1 contiki-launchpad.a(process.o)
                0x000002f9                process_maxevents
 COMMON         0x000002fa        0x1 contiki-launchpad.a(serial-line.o)
                0x000002fa                serial_line_event_message
 *fill*         0x000002fb        0x1 00
 COMMON         0x000002fc        0x4 contiki-launchpad.a(rtimer-arch.o)
                0x000002fc                spwm
                0x00000300                . = ALIGN (0x2)
                0x00000300                PROVIDE (__bss_end, .)
                0x000000c4                PROVIDE (__bss_size, SIZEOF (.bss))

.noinit         0x00000300        0x2 load address 0x0000ce68
                0x00000300                PROVIDE (__noinit_start, .)
 *(.noinit .noinit.*)
 .noinit.crt0   0x00000300        0x2 /usr/lib/gcc/msp430/4.6.3/libcrt0.a(__watchdog_support.o)
                0x00000300                __wdt_clear_value
                0x00000302                . = ALIGN (0x2)
                0x00000302                PROVIDE (__noinit_end, .)
                0x00000302                . = ALIGN (0x2)
                0x00000302                _end = .

.infomem        0x00001000        0x0
 *(.infomem)
                0x00001000                . = ALIGN (0x2)
 *(.infomem.*)

.infomemnobits  0x00001000        0x0
 *(.infomemnobits)
                0x00001000                . = ALIGN (0x2)
 *(.infomemnobits.*)

.infoa
 *(.infoa .infoa.*)

.infob
 *(.infob .infob.*)

.infoc
 *(.infoc .infoc.*)

.infod
 *(.infod .infod.*)

.vectors        0x0000ffe0       0x20
                0x0000ffe0                PROVIDE (__vectors_start, .)
 *(.vectors*)
 .vectors       0x0000ffe0       0x20 /usr/lib/gcc/msp430/4.6.3/crt0ivtbl16.o
                0x0000ffe0                __ivtbl_16
                0x00010000                _vectors_end = .

.fartext        0x00000000        0x0
                0x00000000                . = ALIGN (0x2)
 *(.fartext)
                0x00000000                . = ALIGN (0x2)
 *(.fartext.*)
                0x00000000                _efartext = .

.profiler
 *(.profiler)

.stab
 *(.stab)

.stabstr
 *(.stabstr)

.stab.excl
 *(.stab.excl)

.stab.exclstr
 *(.stab.exclstr)

.stab.index
 *(.stab.index)

.stab.indexstr
 *(.stab.indexstr)

.comment
 *(.comment)

.debug
 *(.debug)

.line
 *(.line)

.debug_srcinfo
 *(.debug_srcinfo)

.debug_sfnames
 *(.debug_sfnames)

.debug_aranges  0x00000000      0x35c
 *(.debug_aranges)
 .debug_aranges
                0x00000000       0x18 horloge.co
 .debug_aranges
                0x00000018       0x1c obj_launchpad/contiki-launchpad-main.o
 .debug_aranges
                0x00000034       0x44 contiki-launchpad.a(process.o)
 .debug_aranges
                0x00000078       0x18 contiki-launchpad.a(autostart.o)
 .debug_aranges
                0x00000090       0x1c contiki-launchpad.a(serial-line.o)
 .debug_aranges
                0x000000ac       0x48 contiki-launchpad.a(etimer.o)
 .debug_aranges
                0x000000f4       0x2c contiki-launchpad.a(ctimer.o)
 .debug_aranges
                0x00000120       0x1c contiki-launchpad.a(rtimer.o)
 .debug_aranges
                0x0000013c       0x24 contiki-launchpad.a(ringbuf.o)
 .debug_aranges
                0x00000160       0x28 contiki-launchpad.a(uart0.o)
 .debug_aranges
                0x00000188       0x1c contiki-launchpad.a(interface.o)
 .debug_aranges
                0x000001a4       0x20 contiki-launchpad.a(msp430.o)
 .debug_aranges
                0x000001c4       0x3c contiki-launchpad.a(clock.o)
 .debug_aranges
                0x00000200       0x28 contiki-launchpad.a(watchdog.o)
 .debug_aranges
                0x00000228       0x30 contiki-launchpad.a(rtimer-arch.o)
 .debug_aranges
                0x00000258       0x24 contiki-launchpad.a(timer.o)
 .debug_aranges
                0x0000027c       0x40 contiki-launchpad.a(list.o)
 .debug_aranges
                0x000002bc       0x14 /usr/lib/gcc/msp430/4.6.3/libgcc.a(_udivmod16.o)
 .debug_aranges
                0x000002d0       0x14 /usr/lib/gcc/msp430/4.6.3/../../../../msp430/lib/libc.a(puts.o)
 .debug_aranges
                0x000002e4       0x14 /usr/lib/gcc/msp430/4.6.3/libcrt0.a(__watchdog_support.o)
 .debug_aranges
                0x000002f8       0x14 /usr/lib/gcc/msp430/4.6.3/libcrt0.a(__init_stack.o)
 .debug_aranges
                0x0000030c       0x14 /usr/lib/gcc/msp430/4.6.3/libcrt0.a(_copy_data.o)
 .debug_aranges
                0x00000320       0x14 /usr/lib/gcc/msp430/4.6.3/libcrt0.a(_clear_bss.o)
 .debug_aranges
                0x00000334       0x14 /usr/lib/gcc/msp430/4.6.3/libcrt0.a(_endless_loop__.o)
 .debug_aranges
                0x00000348       0x14 /usr/lib/gcc/msp430/4.6.3/libcrt0.a(_unexpected_.o)

.debug_pubnames
 *(.debug_pubnames)

.debug_info     0x00000000     0x3973
 *(.debug_info)
 .debug_info    0x00000000      0x2df horloge.co
 .debug_info    0x000002df      0x2ac obj_launchpad/contiki-launchpad-main.o
 .debug_info    0x0000058b      0x56c contiki-launchpad.a(process.o)
 .debug_info    0x00000af7      0x1b1 contiki-launchpad.a(autostart.o)
 .debug_info    0x00000ca8      0x300 contiki-launchpad.a(serial-line.o)
 .debug_info    0x00000fa8      0x4c9 contiki-launchpad.a(etimer.o)
 .debug_info    0x00001471      0x44c contiki-launchpad.a(ctimer.o)
 .debug_info    0x000018bd      0x1ac contiki-launchpad.a(rtimer.o)
 .debug_info    0x00001a69      0x1b4 contiki-launchpad.a(ringbuf.o)
 .debug_info    0x00001c1d      0x318 contiki-launchpad.a(uart0.o)
 .debug_info    0x00001f35      0x3a5 contiki-launchpad.a(interface.o)
 .debug_info    0x000022da      0x3bf contiki-launchpad.a(msp430.o)
 .debug_info    0x00002699      0x318 contiki-launchpad.a(clock.o)
 .debug_info    0x000029b1      0x163 contiki-launchpad.a(watchdog.o)
 .debug_info    0x00002b14      0x3a9 contiki-launchpad.a(rtimer-arch.o)
 .debug_info    0x00002ebd      0x174 contiki-launchpad.a(timer.o)
 .debug_info    0x00003031      0x2f4 contiki-launchpad.a(list.o)
 .debug_info    0x00003325       0xe4 /usr/lib/gcc/msp430/4.6.3/libgcc.a(_udivmod16.o)
 .debug_info    0x00003409       0x96 /usr/lib/gcc/msp430/4.6.3/../../../../msp430/lib/libc.a(puts.o)
 .debug_info    0x0000349f       0xce /usr/lib/gcc/msp430/4.6.3/libcrt0.a(__watchdog_support.o)
 .debug_info    0x0000356d       0xce /usr/lib/gcc/msp430/4.6.3/libcrt0.a(__init_stack.o)
 .debug_info    0x0000363b       0xce /usr/lib/gcc/msp430/4.6.3/libcrt0.a(_copy_data.o)
 .debug_info    0x00003709       0xce /usr/lib/gcc/msp430/4.6.3/libcrt0.a(_clear_bss.o)
 .debug_info    0x000037d7       0xce /usr/lib/gcc/msp430/4.6.3/libcrt0.a(_endless_loop__.o)
 .debug_info    0x000038a5       0xce /usr/lib/gcc/msp430/4.6.3/libcrt0.a(_unexpected_.o)
 *(.gnu.linkonce.wi.*)

.debug_abbrev   0x00000000     0x19db
 *(.debug_abbrev)
 .debug_abbrev  0x00000000      0x16a horloge.co
 .debug_abbrev  0x0000016a      0x17a obj_launchpad/contiki-launchpad-main.o
 .debug_abbrev  0x000002e4      0x347 contiki-launchpad.a(process.o)
 .debug_abbrev  0x0000062b       0xf7 contiki-launchpad.a(autostart.o)
 .debug_abbrev  0x00000722      0x1bf contiki-launchpad.a(serial-line.o)
 .debug_abbrev  0x000008e1      0x28d contiki-launchpad.a(etimer.o)
 .debug_abbrev  0x00000b6e      0x1c6 contiki-launchpad.a(ctimer.o)
 .debug_abbrev  0x00000d34      0x12c contiki-launchpad.a(rtimer.o)
 .debug_abbrev  0x00000e60      0x10b contiki-launchpad.a(ringbuf.o)
 .debug_abbrev  0x00000f6b      0x138 contiki-launchpad.a(uart0.o)
 .debug_abbrev  0x000010a3      0x12f contiki-launchpad.a(interface.o)
 .debug_abbrev  0x000011d2      0x13e contiki-launchpad.a(msp430.o)
 .debug_abbrev  0x00001310      0x136 contiki-launchpad.a(clock.o)
 .debug_abbrev  0x00001446       0xd7 contiki-launchpad.a(watchdog.o)
 .debug_abbrev  0x0000151d      0x185 contiki-launchpad.a(rtimer-arch.o)
 .debug_abbrev  0x000016a2       0xfa contiki-launchpad.a(timer.o)
 .debug_abbrev  0x0000179c      0x153 contiki-launchpad.a(list.o)
 .debug_abbrev  0x000018ef       0x14 /usr/lib/gcc/msp430/4.6.3/libgcc.a(_udivmod16.o)
 .debug_abbrev  0x00001903       0x60 /usr/lib/gcc/msp430/4.6.3/../../../../msp430/lib/libc.a(puts.o)
 .debug_abbrev  0x00001963       0x14 /usr/lib/gcc/msp430/4.6.3/libcrt0.a(__watchdog_support.o)
 .debug_abbrev  0x00001977       0x14 /usr/lib/gcc/msp430/4.6.3/libcrt0.a(__init_stack.o)
 .debug_abbrev  0x0000198b       0x14 /usr/lib/gcc/msp430/4.6.3/libcrt0.a(_copy_data.o)
 .debug_abbrev  0x0000199f       0x14 /usr/lib/gcc/msp430/4.6.3/libcrt0.a(_clear_bss.o)
 .debug_abbrev  0x000019b3       0x14 /usr/lib/gcc/msp430/4.6.3/libcrt0.a(_endless_loop__.o)
 .debug_abbrev  0x000019c7       0x14 /usr/lib/gcc/msp430/4.6.3/libcrt0.a(_unexpected_.o)

.debug_line     0x00000000     0x1a33
 *(.debug_line)
 .debug_line    0x00000000       0xed horloge.co
 .debug_line    0x000000ed      0x1bb obj_launchpad/contiki-launchpad-main.o
 .debug_line    0x000002a8      0x1d3 contiki-launchpad.a(process.o)
 .debug_line    0x0000047b       0xa3 contiki-launchpad.a(autostart.o)
 .debug_line    0x0000051e      0x15d contiki-launchpad.a(serial-line.o)
 .debug_line    0x0000067b      0x217 contiki-launchpad.a(etimer.o)
 .debug_line    0x00000892      0x1a4 contiki-launchpad.a(ctimer.o)
 .debug_line    0x00000a36       0x8d contiki-launchpad.a(rtimer.o)
 .debug_line    0x00000ac3      0x105 contiki-launchpad.a(ringbuf.o)
 .debug_line    0x00000bc8      0x119 contiki-launchpad.a(uart0.o)
 .debug_line    0x00000ce1      0x10c contiki-launchpad.a(interface.o)
 .debug_line    0x00000ded      0x147 contiki-launchpad.a(msp430.o)
 .debug_line    0x00000f34      0x1f4 contiki-launchpad.a(clock.o)
 .debug_line    0x00001128      0x103 contiki-launchpad.a(watchdog.o)
 .debug_line    0x0000122b      0x193 contiki-launchpad.a(rtimer-arch.o)
 .debug_line    0x000013be       0xd5 contiki-launchpad.a(timer.o)
 .debug_line    0x00001493      0x14f contiki-launchpad.a(list.o)
 .debug_line    0x000015e2       0xa7 /usr/lib/gcc/msp430/4.6.3/libgcc.a(_udivmod16.o)
 .debug_line    0x00001689       0x4d /usr/lib/gcc/msp430/4.6.3/../../../../msp430/lib/libc.a(puts.o)
 .debug_line    0x000016d6       0x8f /usr/lib/gcc/msp430/4.6.3/libcrt0.a(__watchdog_support.o)
 .debug_line    0x00001765       0x8d /usr/lib/gcc/msp430/4.6.3/libcrt0.a(__init_stack.o)
 .debug_line    0x000017f2       0x93 /usr/lib/gcc/msp430/4.6.3/libcrt0.a(_copy_data.o)
 .debug_line    0x00001885       0x93 /usr/lib/gcc/msp430/4.6.3/libcrt0.a(_clear_bss.o)
 .debug_line    0x00001918       0x8e /usr/lib/gcc/msp430/4.6.3/libcrt0.a(_endless_loop__.o)
 .debug_line    0x000019a6       0x8d /usr/lib/gcc/msp430/4.6.3/libcrt0.a(_unexpected_.o)

.debug_frame    0x00000000      0x820
 *(.debug_frame)
 .debug_frame   0x00000000       0x30 horloge.co
 .debug_frame   0x00000030       0x36 obj_launchpad/contiki-launchpad-main.o
 .debug_frame   0x00000066       0xe8 contiki-launchpad.a(process.o)
 .debug_frame   0x0000014e       0x36 contiki-launchpad.a(autostart.o)
 .debug_frame   0x00000184       0x3c contiki-launchpad.a(serial-line.o)
 .debug_frame   0x000001c0       0xf8 contiki-launchpad.a(etimer.o)
 .debug_frame   0x000002b8       0xaa contiki-launchpad.a(ctimer.o)
 .debug_frame   0x00000362       0x36 contiki-launchpad.a(rtimer.o)
 .debug_frame   0x00000398       0x5e contiki-launchpad.a(ringbuf.o)
 .debug_frame   0x000003f6       0x7a contiki-launchpad.a(uart0.o)
 .debug_frame   0x00000470       0x72 contiki-launchpad.a(interface.o)
 .debug_frame   0x000004e2       0x42 contiki-launchpad.a(msp430.o)
 .debug_frame   0x00000524       0xc8 contiki-launchpad.a(clock.o)
 .debug_frame   0x000005ec       0x5a contiki-launchpad.a(watchdog.o)
 .debug_frame   0x00000646       0x90 contiki-launchpad.a(rtimer-arch.o)
 .debug_frame   0x000006d6       0x6a contiki-launchpad.a(timer.o)
 .debug_frame   0x00000740       0xbc contiki-launchpad.a(list.o)
 .debug_frame   0x000007fc       0x24 /usr/lib/gcc/msp430/4.6.3/../../../../msp430/lib/libc.a(puts.o)

.debug_str      0x00000000      0xef8
 *(.debug_str)
 .debug_str     0x00000000      0x1c9 horloge.co
                                0x230 (size before relaxing)
 .debug_str     0x000001c9       0xef obj_launchpad/contiki-launchpad-main.o
                                0x266 (size before relaxing)
 .debug_str     0x000002b8      0x1d2 contiki-launchpad.a(process.o)
                                0x2b2 (size before relaxing)
 .debug_str     0x0000048a       0x3a contiki-launchpad.a(autostart.o)
                                0x16a (size before relaxing)
 .debug_str     0x000004c4       0xb9 contiki-launchpad.a(serial-line.o)
                                0x229 (size before relaxing)
 .debug_str     0x0000057d      0x133 contiki-launchpad.a(etimer.o)
                                0x2bf (size before relaxing)
 .debug_str     0x000006b0       0xc7 contiki-launchpad.a(ctimer.o)
                                0x253 (size before relaxing)
 .debug_str     0x00000777       0xc7 contiki-launchpad.a(rtimer.o)
                                0x1ac (size before relaxing)
 .debug_str     0x0000083e       0x64 contiki-launchpad.a(ringbuf.o)
                                0x16c (size before relaxing)
 .debug_str     0x000008a2      0x10f contiki-launchpad.a(uart0.o)
                                0x247 (size before relaxing)
 .debug_str     0x000009b1       0xbd contiki-launchpad.a(interface.o)
                                0x1c8 (size before relaxing)
 .debug_str     0x00000a6e       0xdc contiki-launchpad.a(msp430.o)
                                0x262 (size before relaxing)
 .debug_str     0x00000b4a       0xed contiki-launchpad.a(clock.o)
                                0x21c (size before relaxing)
 .debug_str     0x00000c37       0x9b contiki-launchpad.a(watchdog.o)
                                0x188 (size before relaxing)
 .debug_str     0x00000cd2      0x10f contiki-launchpad.a(rtimer-arch.o)
                                0x28a (size before relaxing)
 .debug_str     0x00000de1       0x27 contiki-launchpad.a(timer.o)
                                0x159 (size before relaxing)
 .debug_str     0x00000e08       0xa8 contiki-launchpad.a(list.o)
                                0x11d (size before relaxing)
 .debug_str     0x00000eb0       0x48 /usr/lib/gcc/msp430/4.6.3/../../../../msp430/lib/libc.a(puts.o)
                                 0xfc (size before relaxing)

.debug_loc      0x00000000      0xfb8
 *(.debug_loc)
 .debug_loc     0x00000000       0x99 horloge.co
 .debug_loc     0x00000099        0xb obj_launchpad/contiki-launchpad-main.o
 .debug_loc     0x000000a4      0x21d contiki-launchpad.a(process.o)
 .debug_loc     0x000002c1       0x56 contiki-launchpad.a(autostart.o)
 .debug_loc     0x00000317       0xa9 contiki-launchpad.a(serial-line.o)
 .debug_loc     0x000003c0      0x270 contiki-launchpad.a(etimer.o)
 .debug_loc     0x00000630      0x205 contiki-launchpad.a(ctimer.o)
 .debug_loc     0x00000835       0x5b contiki-launchpad.a(rtimer.o)
 .debug_loc     0x00000890       0xa3 contiki-launchpad.a(ringbuf.o)
 .debug_loc     0x00000933       0xa6 contiki-launchpad.a(uart0.o)
 .debug_loc     0x000009d9      0x16d contiki-launchpad.a(interface.o)
 .debug_loc     0x00000b46       0x60 contiki-launchpad.a(msp430.o)
 .debug_loc     0x00000ba6       0xd4 contiki-launchpad.a(clock.o)
 .debug_loc     0x00000c7a       0xb3 contiki-launchpad.a(rtimer-arch.o)
 .debug_loc     0x00000d2d       0xb9 contiki-launchpad.a(timer.o)
 .debug_loc     0x00000de6      0x1ac contiki-launchpad.a(list.o)
 .debug_loc     0x00000f92       0x26 /usr/lib/gcc/msp430/4.6.3/../../../../msp430/lib/libc.a(puts.o)

.debug_macinfo
 *(.debug_macinfo)

.debug_pubtypes
 *(.debug_pubtypes)

.debug_ranges   0x00000000      0x1fc
 *(.debug_ranges)
 .debug_ranges  0x00000000        0xc horloge.co
 .debug_ranges  0x0000000c       0x10 obj_launchpad/contiki-launchpad-main.o
 .debug_ranges  0x0000001c       0x38 contiki-launchpad.a(process.o)
 .debug_ranges  0x00000054        0xc contiki-launchpad.a(autostart.o)
 .debug_ranges  0x00000060       0x1c contiki-launchpad.a(serial-line.o)
 .debug_ranges  0x0000007c       0x3c contiki-launchpad.a(etimer.o)
 .debug_ranges  0x000000b8       0x20 contiki-launchpad.a(ctimer.o)
 .debug_ranges  0x000000d8       0x10 contiki-launchpad.a(rtimer.o)
 .debug_ranges  0x000000e8       0x18 contiki-launchpad.a(ringbuf.o)
 .debug_ranges  0x00000100       0x1c contiki-launchpad.a(uart0.o)
 .debug_ranges  0x0000011c       0x10 contiki-launchpad.a(interface.o)
 .debug_ranges  0x0000012c       0x14 contiki-launchpad.a(msp430.o)
 .debug_ranges  0x00000140       0x30 contiki-launchpad.a(clock.o)
 .debug_ranges  0x00000170       0x1c contiki-launchpad.a(watchdog.o)
 .debug_ranges  0x0000018c       0x24 contiki-launchpad.a(rtimer-arch.o)
 .debug_ranges  0x000001b0       0x18 contiki-launchpad.a(timer.o)
 .debug_ranges  0x000001c8       0x34 contiki-launchpad.a(list.o)
                0x00000400                PROVIDE (__stack, (ORIGIN (ram) + 0x200))
                0x0000ce2c                PROVIDE (__data_start_rom, _etext)
                0x0000ce68                PROVIDE (__data_end_rom, (_etext + SIZEOF (.data)))
OUTPUT(horloge.launchpad elf32-msp430)
