Archive member included because of file (symbol)

contiki-launchpad.a(process.o)
                              obj_launchpad/contiki-launchpad-main.o (process_init)
contiki-launchpad.a(autostart.o)
                              obj_launchpad/contiki-launchpad-main.o (autostart_start)
contiki-launchpad.a(serial-line.o)
                              obj_launchpad/contiki-launchpad-main.o (serial_line_input_byte)
contiki-launchpad.a(etimer.o)
                              obj_launchpad/contiki-launchpad-main.o (etimer_process)
contiki-launchpad.a(ctimer.o)
                              obj_launchpad/contiki-launchpad-main.o (ctimer_init)
contiki-launchpad.a(rtimer.o)
                              obj_launchpad/contiki-launchpad-main.o (rtimer_init)
contiki-launchpad.a(ringbuf.o)
                              contiki-launchpad.a(serial-line.o) (ringbuf_init)
contiki-launchpad.a(uart0.o)  obj_launchpad/contiki-launchpad-main.o (uart0_active)
contiki-launchpad.a(interface.o)
                              compteur.co (setdirport)
contiki-launchpad.a(msp430.o)
                              obj_launchpad/contiki-launchpad-main.o (msp430_cpu_init)
contiki-launchpad.a(clock.o)  contiki-launchpad.a(etimer.o) (clock_time)
contiki-launchpad.a(watchdog.o)
                              obj_launchpad/contiki-launchpad-main.o (watchdog_start)
contiki-launchpad.a(rtimer-arch.o)
                              contiki-launchpad.a(rtimer.o) (rtimer_arch_init)
contiki-launchpad.a(timer.o)  contiki-launchpad.a(etimer.o) (timer_set)
contiki-launchpad.a(list.o)   contiki-launchpad.a(ctimer.o) (list_init)
/usr/lib/gcc/msp430/4.6.3/libgcc.a(_udivmod16.o)
                              contiki-launchpad.a(rtimer-arch.o) (__udivhi3)
/usr/lib/gcc/msp430/4.6.3/../../../../msp430/lib/libc.a(puts.o)
                              obj_launchpad/contiki-launchpad-main.o (puts)
/usr/lib/gcc/msp430/4.6.3/libcrt0.a(_reset_vector__.o)
                              (_reset_vector__)
/usr/lib/gcc/msp430/4.6.3/libcrt0.a(__watchdog_support.o)
                              /usr/lib/gcc/msp430/4.6.3/libcrt0.a(_reset_vector__.o) (__watchdog_support)
/usr/lib/gcc/msp430/4.6.3/libcrt0.a(__init_stack.o)
                              /usr/lib/gcc/msp430/4.6.3/libcrt0.a(_reset_vector__.o) (__init_stack)
/usr/lib/gcc/msp430/4.6.3/libcrt0.a(__low_level_init.o)
                              /usr/lib/gcc/msp430/4.6.3/libcrt0.a(_reset_vector__.o) (__low_level_init)
/usr/lib/gcc/msp430/4.6.3/libcrt0.a(_copy_data.o)
                              /usr/lib/gcc/msp430/4.6.3/libcrt0.a(_reset_vector__.o) (__do_copy_data)
/usr/lib/gcc/msp430/4.6.3/libcrt0.a(_clear_bss.o)
                              /usr/lib/gcc/msp430/4.6.3/libcrt0.a(_reset_vector__.o) (__do_clear_bss)
/usr/lib/gcc/msp430/4.6.3/libcrt0.a(__stop_progExec__.o)
                              /usr/lib/gcc/msp430/4.6.3/libcrt0.a(_reset_vector__.o) (__stop_progExec__)
/usr/lib/gcc/msp430/4.6.3/libcrt0.a(_endless_loop__.o)
                              /usr/lib/gcc/msp430/4.6.3/libcrt0.a(_reset_vector__.o) (_endless_loop__)
/usr/lib/gcc/msp430/4.6.3/libcrt0.a(_unexpected_.o)
                              /usr/lib/gcc/msp430/4.6.3/crt0ivtbl16.o (_unexpected_)

Allocating common symbols
Common symbol       size              file

process_maxevents   0x1               contiki-launchpad.a(process.o)
spwm                0x4               contiki-launchpad.a(rtimer-arch.o)
adc_event           0x1               obj_launchpad/contiki-launchpad-main.o
serial_line_event_message
                    0x1               contiki-launchpad.a(serial-line.o)
button_event        0x1               obj_launchpad/contiki-launchpad-main.o

Discarded input sections

 .data          0x00000000        0x0 /usr/lib/gcc/msp430/4.6.3/crt0ivtbl16.o
 .bss           0x00000000        0x0 /usr/lib/gcc/msp430/4.6.3/crt0ivtbl16.o
 .text.crt0     0x00000000        0x0 /usr/lib/gcc/msp430/4.6.3/crt0ivtbl16.o
 .text          0x00000000        0x0 compteur.co
 .data          0x00000000        0x0 compteur.co
 .bss           0x00000000        0x0 compteur.co
 .text          0x00000000        0x0 obj_launchpad/contiki-launchpad-main.o
 .data          0x00000000        0x0 obj_launchpad/contiki-launchpad-main.o
 .bss           0x00000000        0x0 obj_launchpad/contiki-launchpad-main.o
 .text.msp430_request_lpm_dco
                0x00000000        0xe obj_launchpad/contiki-launchpad-main.o
 .text.msp430_return_lpm_dco
                0x00000000        0xe obj_launchpad/contiki-launchpad-main.o
 COMMON         0x00000000        0x2 obj_launchpad/contiki-launchpad-main.o
 .text          0x00000000        0x0 contiki-launchpad.a(process.o)
 .data          0x00000000        0x0 contiki-launchpad.a(process.o)
 .bss           0x00000000        0x0 contiki-launchpad.a(process.o)
 .text.process_exit
                0x00000000        0xa contiki-launchpad.a(process.o)
 .text.process_is_running
                0x00000000        0xe contiki-launchpad.a(process.o)
 .text          0x00000000        0x0 contiki-launchpad.a(autostart.o)
 .data          0x00000000        0x0 contiki-launchpad.a(autostart.o)
 .bss           0x00000000        0x0 contiki-launchpad.a(autostart.o)
 .text.autostart_exit
                0x00000000       0x14 contiki-launchpad.a(autostart.o)
 .text          0x00000000        0x0 contiki-launchpad.a(serial-line.o)
 .data          0x00000000        0x0 contiki-launchpad.a(serial-line.o)
 .bss           0x00000000        0x0 contiki-launchpad.a(serial-line.o)
 .text          0x00000000        0x0 contiki-launchpad.a(etimer.o)
 .data          0x00000000        0x0 contiki-launchpad.a(etimer.o)
 .bss           0x00000000        0x0 contiki-launchpad.a(etimer.o)
 .text.etimer_reset
                0x00000000       0x12 contiki-launchpad.a(etimer.o)
 .text.etimer_restart
                0x00000000       0x12 contiki-launchpad.a(etimer.o)
 .text.etimer_adjust
                0x00000000       0x1a contiki-launchpad.a(etimer.o)
 .text.etimer_expiration_time
                0x00000000       0x14 contiki-launchpad.a(etimer.o)
 .text.etimer_start_time
                0x00000000        0x8 contiki-launchpad.a(etimer.o)
 .text.etimer_stop
                0x00000000       0x3c contiki-launchpad.a(etimer.o)
 .text          0x00000000        0x0 contiki-launchpad.a(ctimer.o)
 .data          0x00000000        0x0 contiki-launchpad.a(ctimer.o)
 .bss           0x00000000        0x0 contiki-launchpad.a(ctimer.o)
 .text.ctimer_set
                0x00000000       0x5a contiki-launchpad.a(ctimer.o)
 .text.ctimer_reset
                0x00000000       0x3a contiki-launchpad.a(ctimer.o)
 .text.ctimer_restart
                0x00000000       0x3a contiki-launchpad.a(ctimer.o)
 .text.ctimer_stop
                0x00000000       0x28 contiki-launchpad.a(ctimer.o)
 .text.ctimer_expired
                0x00000000       0x32 contiki-launchpad.a(ctimer.o)
 .text          0x00000000        0x0 contiki-launchpad.a(rtimer.o)
 .data          0x00000000        0x0 contiki-launchpad.a(rtimer.o)
 .bss           0x00000000        0x0 contiki-launchpad.a(rtimer.o)
 .text.rtimer_set
                0x00000000       0x24 contiki-launchpad.a(rtimer.o)
 .text          0x00000000        0x0 contiki-launchpad.a(ringbuf.o)
 .data          0x00000000        0x0 contiki-launchpad.a(ringbuf.o)
 .bss           0x00000000        0x0 contiki-launchpad.a(ringbuf.o)
 .text.ringbuf_size
                0x00000000        0x8 contiki-launchpad.a(ringbuf.o)
 .text.ringbuf_elements
                0x00000000       0x12 contiki-launchpad.a(ringbuf.o)
 .text          0x00000000        0x0 contiki-launchpad.a(uart0.o)
 .data          0x00000000        0x0 contiki-launchpad.a(uart0.o)
 .bss           0x00000000        0x0 contiki-launchpad.a(uart0.o)
 .text          0x00000000        0x0 contiki-launchpad.a(interface.o)
 .data          0x00000000        0x0 contiki-launchpad.a(interface.o)
 .bss           0x00000000        0x0 contiki-launchpad.a(interface.o)
 .text.readport
                0x00000000       0x4e contiki-launchpad.a(interface.o)
 .data.portin   0x00000000        0x6 contiki-launchpad.a(interface.o)
 .text          0x00000000        0x0 contiki-launchpad.a(msp430.o)
 .data          0x00000000        0x0 contiki-launchpad.a(msp430.o)
 .bss           0x00000000        0x0 contiki-launchpad.a(msp430.o)
 .text.w_memcpy
                0x00000000       0x12 contiki-launchpad.a(msp430.o)
 .text.w_memset
                0x00000000       0x12 contiki-launchpad.a(msp430.o)
 .text          0x00000000        0x0 contiki-launchpad.a(clock.o)
 .data          0x00000000        0x0 contiki-launchpad.a(clock.o)
 .bss           0x00000000        0x0 contiki-launchpad.a(clock.o)
 .text.clock_set
                0x00000000       0x16 contiki-launchpad.a(clock.o)
 .text.clock_fine_max
                0x00000000        0x6 contiki-launchpad.a(clock.o)
 .text.clock_fine
                0x00000000        0xc contiki-launchpad.a(clock.o)
 .text.clock_delay
                0x00000000        0xc contiki-launchpad.a(clock.o)
 .text.clock_wait
                0x00000000       0x34 contiki-launchpad.a(clock.o)
 .text.clock_set_seconds
                0x00000000       0x1c contiki-launchpad.a(clock.o)
 .text.clock_seconds
                0x00000000       0x1a contiki-launchpad.a(clock.o)
 .text.clock_counter
                0x00000000        0xe contiki-launchpad.a(clock.o)
 .text          0x00000000        0x0 contiki-launchpad.a(watchdog.o)
 .data          0x00000000        0x0 contiki-launchpad.a(watchdog.o)
 .bss           0x00000000        0x0 contiki-launchpad.a(watchdog.o)
 .text.watchdog_reboot
                0x00000000        0x6 contiki-launchpad.a(watchdog.o)
 .text          0x00000000        0x0 contiki-launchpad.a(rtimer-arch.o)
 .data          0x00000000        0x0 contiki-launchpad.a(rtimer-arch.o)
 .bss           0x00000000        0x0 contiki-launchpad.a(rtimer-arch.o)
 .text.rtimer_arch_now
                0x00000000       0x20 contiki-launchpad.a(rtimer-arch.o)
 .text.simple_pwm_confpin
                0x00000000       0x3c contiki-launchpad.a(rtimer-arch.o)
 .text.simple_pwm_on
                0x00000000       0x92 contiki-launchpad.a(rtimer-arch.o)
 .text.simple_pwm_pulsetime
                0x00000000       0x74 contiki-launchpad.a(rtimer-arch.o)
 .text.simple_pwm_off
                0x00000000       0x26 contiki-launchpad.a(rtimer-arch.o)
 .text          0x00000000        0x0 contiki-launchpad.a(timer.o)
 .data          0x00000000        0x0 contiki-launchpad.a(timer.o)
 .bss           0x00000000        0x0 contiki-launchpad.a(timer.o)
 .text.timer_reset
                0x00000000        0xe contiki-launchpad.a(timer.o)
 .text.timer_restart
                0x00000000       0x14 contiki-launchpad.a(timer.o)
 .text.timer_remaining
                0x00000000       0x28 contiki-launchpad.a(timer.o)
 .text          0x00000000        0x0 contiki-launchpad.a(list.o)
 .data          0x00000000        0x0 contiki-launchpad.a(list.o)
 .bss           0x00000000        0x0 contiki-launchpad.a(list.o)
 .text.list_copy
                0x00000000        0x6 contiki-launchpad.a(list.o)
 .text.list_tail
                0x00000000       0x12 contiki-launchpad.a(list.o)
 .text.list_chop
                0x00000000       0x24 contiki-launchpad.a(list.o)
 .text.list_pop
                0x00000000        0xe contiki-launchpad.a(list.o)
 .text.list_push
                0x00000000       0x1a contiki-launchpad.a(list.o)
 .text.list_add
                0x00000000       0x2a contiki-launchpad.a(list.o)
 .text.list_length
                0x00000000       0x10 contiki-launchpad.a(list.o)
 .text.list_insert
                0x00000000       0x16 contiki-launchpad.a(list.o)
 .text.list_item_next
                0x00000000        0xc contiki-launchpad.a(list.o)
 .text          0x00000000        0x0 /usr/lib/gcc/msp430/4.6.3/libgcc.a(_udivmod16.o)
 .data          0x00000000        0x0 /usr/lib/gcc/msp430/4.6.3/libgcc.a(_udivmod16.o)
 .bss           0x00000000        0x0 /usr/lib/gcc/msp430/4.6.3/libgcc.a(_udivmod16.o)
 .text.libgcc   0x00000000       0x22 /usr/lib/gcc/msp430/4.6.3/libgcc.a(_udivmod16.o)
 .data          0x00000000        0x0 /usr/lib/gcc/msp430/4.6.3/../../../../msp430/lib/libc.a(puts.o)
 .bss           0x00000000        0x0 /usr/lib/gcc/msp430/4.6.3/../../../../msp430/lib/libc.a(puts.o)
 .text          0x00000000        0x0 /usr/lib/gcc/msp430/4.6.3/libcrt0.a(_reset_vector__.o)
 .data          0x00000000        0x0 /usr/lib/gcc/msp430/4.6.3/libcrt0.a(_reset_vector__.o)
 .bss           0x00000000        0x0 /usr/lib/gcc/msp430/4.6.3/libcrt0.a(_reset_vector__.o)
 .text          0x00000000        0x0 /usr/lib/gcc/msp430/4.6.3/libcrt0.a(__watchdog_support.o)
 .data          0x00000000        0x0 /usr/lib/gcc/msp430/4.6.3/libcrt0.a(__watchdog_support.o)
 .bss           0x00000000        0x0 /usr/lib/gcc/msp430/4.6.3/libcrt0.a(__watchdog_support.o)
 .text          0x00000000        0x0 /usr/lib/gcc/msp430/4.6.3/libcrt0.a(__init_stack.o)
 .data          0x00000000        0x0 /usr/lib/gcc/msp430/4.6.3/libcrt0.a(__init_stack.o)
 .bss           0x00000000        0x0 /usr/lib/gcc/msp430/4.6.3/libcrt0.a(__init_stack.o)
 .text          0x00000000        0x0 /usr/lib/gcc/msp430/4.6.3/libcrt0.a(__low_level_init.o)
 .data          0x00000000        0x0 /usr/lib/gcc/msp430/4.6.3/libcrt0.a(__low_level_init.o)
 .bss           0x00000000        0x0 /usr/lib/gcc/msp430/4.6.3/libcrt0.a(__low_level_init.o)
 .text          0x00000000        0x0 /usr/lib/gcc/msp430/4.6.3/libcrt0.a(_copy_data.o)
 .data          0x00000000        0x0 /usr/lib/gcc/msp430/4.6.3/libcrt0.a(_copy_data.o)
 .bss           0x00000000        0x0 /usr/lib/gcc/msp430/4.6.3/libcrt0.a(_copy_data.o)
 .text          0x00000000        0x0 /usr/lib/gcc/msp430/4.6.3/libcrt0.a(_clear_bss.o)
 .data          0x00000000        0x0 /usr/lib/gcc/msp430/4.6.3/libcrt0.a(_clear_bss.o)
 .bss           0x00000000        0x0 /usr/lib/gcc/msp430/4.6.3/libcrt0.a(_clear_bss.o)
 .text          0x00000000        0x0 /usr/lib/gcc/msp430/4.6.3/libcrt0.a(__stop_progExec__.o)
 .data          0x00000000        0x0 /usr/lib/gcc/msp430/4.6.3/libcrt0.a(__stop_progExec__.o)
 .bss           0x00000000        0x0 /usr/lib/gcc/msp430/4.6.3/libcrt0.a(__stop_progExec__.o)
 .text          0x00000000        0x0 /usr/lib/gcc/msp430/4.6.3/libcrt0.a(_endless_loop__.o)
 .data          0x00000000        0x0 /usr/lib/gcc/msp430/4.6.3/libcrt0.a(_endless_loop__.o)
 .bss           0x00000000        0x0 /usr/lib/gcc/msp430/4.6.3/libcrt0.a(_endless_loop__.o)
 .text          0x00000000        0x0 /usr/lib/gcc/msp430/4.6.3/libcrt0.a(_unexpected_.o)
 .data          0x00000000        0x0 /usr/lib/gcc/msp430/4.6.3/libcrt0.a(_unexpected_.o)
 .bss           0x00000000        0x0 /usr/lib/gcc/msp430/4.6.3/libcrt0.a(_unexpected_.o)

Memory Configuration

Name             Origin             Length             Attributes
sfr              0x00000000         0x00000010
peripheral_8bit  0x00000010         0x000000f0
peripheral_16bit 0x00000100         0x00000100
ram              0x00000200         0x00000200         xw
infomem          0x00001000         0x00000100
infod            0x00001000         0x00000040
infoc            0x00001040         0x00000040
infob            0x00001080         0x00000040
infoa            0x000010c0         0x00000040
rom              0x0000c000         0x00003fe0         xr
vectors          0x0000ffe0         0x00000020
bsl              0x00000000         0x00000000
ram2             0x00000000         0x00000000         xw
ram_mirror       0x00000000         0x00000000         xw
usbram           0x00000000         0x00000000         xw
far_rom          0x00000000         0x00000000
*default*        0x00000000         0xffffffff

Linker script and memory map

LOAD /usr/lib/gcc/msp430/4.6.3/crt0ivtbl16.o
LOAD compteur.co
LOAD obj_launchpad/contiki-launchpad-main.o
LOAD contiki-launchpad.a
LOAD /usr/lib/gcc/msp430/4.6.3/libgcc.a
LOAD /usr/lib/gcc/msp430/4.6.3/../../../../msp430/lib/libc.a
LOAD /usr/lib/gcc/msp430/4.6.3/libgcc.a
LOAD /usr/lib/gcc/msp430/4.6.3/libcrt0.a
                0x00000040                PROVIDE (__info_segment_size, 0x40)
                0x00001000                PROVIDE (__infod, 0x1000)
                0x00001040                PROVIDE (__infoc, 0x1040)
                0x00001080                PROVIDE (__infob, 0x1080)
                0x000010c0                PROVIDE (__infoa, 0x10c0)
                0x00000000                __IE1 = 0x0
                0x00000002                __IFG1 = 0x2
                0x00000001                __IE2 = 0x1
                0x00000003                __IFG2 = 0x3
                0x00000048                __ADC10DTC0 = 0x48
                0x00000049                __ADC10DTC1 = 0x49
                0x0000004a                __ADC10AE0 = 0x4a
                0x000001b0                __ADC10CTL0 = 0x1b0
                0x000001b2                __ADC10CTL1 = 0x1b2
                0x000001b4                __ADC10MEM = 0x1b4
                0x000001bc                __ADC10SA = 0x1bc
                0x00000056                __DCOCTL = 0x56
                0x00000057                __BCSCTL1 = 0x57
                0x00000058                __BCSCTL2 = 0x58
                0x00000053                __BCSCTL3 = 0x53
                0x00000059                __CACTL1 = 0x59
                0x0000005a                __CACTL2 = 0x5a
                0x0000005b                __CAPD = 0x5b
                0x00000128                __FCTL1 = 0x128
                0x0000012a                __FCTL2 = 0x12a
                0x0000012c                __FCTL3 = 0x12c
                0x00000020                __P1IN = 0x20
                0x00000021                __P1OUT = 0x21
                0x00000022                __P1DIR = 0x22
                0x00000023                __P1IFG = 0x23
                0x00000024                __P1IES = 0x24
                0x00000025                __P1IE = 0x25
                0x00000026                __P1SEL = 0x26
                0x00000041                __P1SEL2 = 0x41
                0x00000027                __P1REN = 0x27
                0x00000028                __P2IN = 0x28
                0x00000029                __P2OUT = 0x29
                0x0000002a                __P2DIR = 0x2a
                0x0000002b                __P2IFG = 0x2b
                0x0000002c                __P2IES = 0x2c
                0x0000002d                __P2IE = 0x2d
                0x0000002e                __P2SEL = 0x2e
                0x00000042                __P2SEL2 = 0x42
                0x0000002f                __P2REN = 0x2f
                0x00000018                __P3IN = 0x18
                0x00000019                __P3OUT = 0x19
                0x0000001a                __P3DIR = 0x1a
                0x0000001b                __P3SEL = 0x1b
                0x00000043                __P3SEL2 = 0x43
                0x00000010                __P3REN = 0x10
                0x0000012e                __TA0IV = 0x12e
                0x00000160                __TA0CTL = 0x160
                0x00000162                __TA0CCTL0 = 0x162
                0x00000164                __TA0CCTL1 = 0x164
                0x00000166                __TA0CCTL2 = 0x166
                0x00000170                __TA0R = 0x170
                0x00000172                __TA0CCR0 = 0x172
                0x00000174                __TA0CCR1 = 0x174
                0x00000176                __TA0CCR2 = 0x176
                0x0000011e                __TA1IV = 0x11e
                0x00000180                __TA1CTL = 0x180
                0x00000182                __TA1CCTL0 = 0x182
                0x00000184                __TA1CCTL1 = 0x184
                0x00000186                __TA1CCTL2 = 0x186
                0x00000190                __TA1R = 0x190
                0x00000192                __TA1CCR0 = 0x192
                0x00000194                __TA1CCR1 = 0x194
                0x00000196                __TA1CCR2 = 0x196
                0x00000060                __UCA0CTL0 = 0x60
                0x00000061                __UCA0CTL1 = 0x61
                0x00000062                __UCA0BR0 = 0x62
                0x00000063                __UCA0BR1 = 0x63
                0x00000064                __UCA0MCTL = 0x64
                0x00000065                __UCA0STAT = 0x65
                0x00000066                __UCA0RXBUF = 0x66
                0x00000067                __UCA0TXBUF = 0x67
                0x0000005d                __UCA0ABCTL = 0x5d
                0x0000005e                __UCA0IRTCTL = 0x5e
                0x0000005f                __UCA0IRRCTL = 0x5f
                0x00000068                __UCB0CTL0 = 0x68
                0x00000069                __UCB0CTL1 = 0x69
                0x0000006a                __UCB0BR0 = 0x6a
                0x0000006b                __UCB0BR1 = 0x6b
                0x0000006c                __UCB0I2CIE = 0x6c
                0x0000006d                __UCB0STAT = 0x6d
                0x0000006e                __UCB0RXBUF = 0x6e
                0x0000006f                __UCB0TXBUF = 0x6f
                0x00000118                __UCB0I2COA = 0x118
                0x0000011a                __UCB0I2CSA = 0x11a
                0x00000120                __WDTCTL = 0x120
                0x000010f8                __CALDCO_16MHZ = 0x10f8
                0x000010f9                __CALBC1_16MHZ = 0x10f9
                0x000010fa                __CALDCO_12MHZ = 0x10fa
                0x000010fb                __CALBC1_12MHZ = 0x10fb
                0x000010fc                __CALDCO_8MHZ = 0x10fc
                0x000010fd                __CALBC1_8MHZ = 0x10fd
                0x000010fe                __CALDCO_1MHZ = 0x10fe
                0x000010ff                __CALBC1_1MHZ = 0x10ff

.hash
 *(.hash)

.dynsym
 *(.dynsym)

.dynstr
 *(.dynstr)

.gnu.version
 *(.gnu.version)

.gnu.version_d
 *(.gnu.version_d)

.gnu.version_r
 *(.gnu.version_r)

.rel.init
 *(.rel.init)

.rela.init
 *(.rela.init)

.rel.fini
 *(.rel.fini)

.rela.fini
 *(.rela.fini)

.rel.text
 *(.rel.text .rel.text.* .rel.gnu.linkonce.t.*)

.rela.text
 *(.rela.text .rela.text.* .rela.gnu.linkonce.t.*)

.rel.rodata
 *(.rel.rodata .rel.rodata.* .rel.gnu.linkonce.r.*)

.rela.rodata
 *(.rela.rodata .rela.rodata.* .rela.gnu.linkonce.r.*)

.rel.data
 *(.rel.data .rel.data.* .rel.gnu.linkonce.d.*)

.rela.data
 *(.rela.data .rela.data.* .rela.gnu.linkonce.d.*)

.rel.bss
 *(.rel.bss .rel.bss.* .rel.gnu.linkonce.b.*)

.rela.bss
 *(.rela.bss .rela.bss.* .rela.gnu.linkonce.b.*)

.rel.ctors
 *(.rel.ctors)

.rela.ctors
 *(.rela.ctors)

.rel.dtors
 *(.rel.dtors)

.rela.dtors
 *(.rela.dtors)

.rel.got
 *(.rel.got)

.rela.got
 *(.rela.got)

.rel.plt
 *(.rel.plt)

.rela.plt
 *(.rela.plt)

.text           0x0000c000      0xcb6
                0x0000c000                . = ALIGN (0x2)
 *(.init .init.*)
 *(.init0)
 .init0         0x0000c000        0x0 /usr/lib/gcc/msp430/4.6.3/libcrt0.a(_reset_vector__.o)
                0x0000c000                _reset_vector__
 *(.init1)
 .init1         0x0000c000        0xc /usr/lib/gcc/msp430/4.6.3/libcrt0.a(__watchdog_support.o)
                0x0000c000                __watchdog_support
 *(.init2)
 .init2         0x0000c00c        0x4 /usr/lib/gcc/msp430/4.6.3/libcrt0.a(__init_stack.o)
                0x0000c00c                __init_stack
 *(.init3)
 .init3         0x0000c010        0x0 /usr/lib/gcc/msp430/4.6.3/libcrt0.a(__low_level_init.o)
                0x0000c010                __low_level_init
 *(.init4)
 .init4         0x0000c010       0x18 /usr/lib/gcc/msp430/4.6.3/libcrt0.a(_copy_data.o)
                0x0000c010                __do_copy_data
 .init4         0x0000c028       0x16 /usr/lib/gcc/msp430/4.6.3/libcrt0.a(_clear_bss.o)
                0x0000c028                __do_clear_bss
 *(.init5)
 *(.init6)
 *(.init7)
 *(.init8)
 *(.init9)
 .init9         0x0000c03e       0x7c obj_launchpad/contiki-launchpad-main.o
                0x0000c03e                main
 *(.fini9)
 .fini9         0x0000c0ba        0x0 /usr/lib/gcc/msp430/4.6.3/libcrt0.a(__stop_progExec__.o)
                0x0000c0ba                __stop_progExec__
 *(.fini8)
 *(.fini7)
 *(.fini6)
 *(.fini5)
 *(.fini4)
 *(.fini3)
 *(.fini2)
 *(.fini1)
 *(.fini0)
 .fini0         0x0000c0ba        0x6 /usr/lib/gcc/msp430/4.6.3/libcrt0.a(_endless_loop__.o)
                0x0000c0ba                _endless_loop__
 *(.fini .fini.*)
                0x0000c0c0                . = ALIGN (0x2)
                0x0000c0c0                __ctors_start = .
 *(.ctors)
                0x0000c0c0                __ctors_end = .
                0x0000c0c0                __dtors_start = .
 *(.dtors)
                0x0000c0c0                __dtors_end = .
                0x0000c0c0                . = ALIGN (0x2)
 *(.text .text.* .gnu.linkonce.t.*)
 .text          0x0000c0c0        0x4 /usr/lib/gcc/msp430/4.6.3/crt0ivtbl16.o
                0x0000c0c0                __isr_14
                0x0000c0c0                __isr_4
                0x0000c0c0                __isr_11
                0x0000c0c0                __isr_5
                0x0000c0c0                __isr_2
                0x0000c0c0                __isr_0
                0x0000c0c0                __isr_3
                0x0000c0c0                __isr_12
                0x0000c0c0                __isr_13
                0x0000c0c0                __isr_6
                0x0000c0c0                __isr_1
 .text.process_thread_compteur_process
                0x0000c0c4       0x6c compteur.co
 .text.call_process
                0x0000c130       0x4a contiki-launchpad.a(process.o)
 .text.exit_process
                0x0000c17a       0x96 contiki-launchpad.a(process.o)
 .text.do_poll  0x0000c210       0x30 contiki-launchpad.a(process.o)
 .text.process_alloc_event
                0x0000c240        0xe contiki-launchpad.a(process.o)
                0x0000c240                process_alloc_event
 .text.process_init
                0x0000c24e       0x1c contiki-launchpad.a(process.o)
                0x0000c24e                process_init
 .text.process_run
                0x0000c26a       0xa2 contiki-launchpad.a(process.o)
                0x0000c26a                process_run
 .text.process_nevents
                0x0000c30c        0xe contiki-launchpad.a(process.o)
                0x0000c30c                process_nevents
 .text.process_post
                0x0000c31a       0x54 contiki-launchpad.a(process.o)
                0x0000c31a                process_post
 .text.process_post_synch
                0x0000c36e       0x12 contiki-launchpad.a(process.o)
                0x0000c36e                process_post_synch
 .text.process_start
                0x0000c380       0x32 contiki-launchpad.a(process.o)
                0x0000c380                process_start
 .text.process_poll
                0x0000c3b2       0x18 contiki-launchpad.a(process.o)
                0x0000c3b2                process_poll
 .text.autostart_start
                0x0000c3ca       0x16 contiki-launchpad.a(autostart.o)
                0x0000c3ca                autostart_start
 .text.process_thread_serial_line_process
                0x0000c3e0       0x9c contiki-launchpad.a(serial-line.o)
 .text.serial_line_input_byte
                0x0000c47c       0x4a contiki-launchpad.a(serial-line.o)
                0x0000c47c                serial_line_input_byte
 .text.serial_line_init
                0x0000c4c6       0x1c contiki-launchpad.a(serial-line.o)
                0x0000c4c6                serial_line_init
 .text.update_time
                0x0000c4e2       0x78 contiki-launchpad.a(etimer.o)
 .text.etimer_request_poll
                0x0000c55a        0xa contiki-launchpad.a(etimer.o)
                0x0000c55a                etimer_request_poll
 .text.process_thread_etimer_process
                0x0000c564       0xc8 contiki-launchpad.a(etimer.o)
 .text.add_timer
                0x0000c62c       0x38 contiki-launchpad.a(etimer.o)
 .text.etimer_set
                0x0000c664       0x12 contiki-launchpad.a(etimer.o)
                0x0000c664                etimer_set
 .text.etimer_expired
                0x0000c676        0xe contiki-launchpad.a(etimer.o)
                0x0000c676                etimer_expired
 .text.etimer_pending
                0x0000c684        0xc contiki-launchpad.a(etimer.o)
                0x0000c684                etimer_pending
 .text.etimer_next_expiration_time
                0x0000c690       0x16 contiki-launchpad.a(etimer.o)
                0x0000c690                etimer_next_expiration_time
 .text.process_thread_ctimer_process
                0x0000c6a6       0xa4 contiki-launchpad.a(ctimer.o)
 .text.ctimer_init
                0x0000c74a       0x18 contiki-launchpad.a(ctimer.o)
                0x0000c74a                ctimer_init
 .text.rtimer_init
                0x0000c762        0x6 contiki-launchpad.a(rtimer.o)
                0x0000c762                rtimer_init
 .text.rtimer_run_next
                0x0000c768       0x26 contiki-launchpad.a(rtimer.o)
                0x0000c768                rtimer_run_next
 .text.ringbuf_init
                0x0000c78e       0x14 contiki-launchpad.a(ringbuf.o)
                0x0000c78e                ringbuf_init
 .text.ringbuf_put
                0x0000c7a2       0x38 contiki-launchpad.a(ringbuf.o)
                0x0000c7a2                ringbuf_put
 .text.ringbuf_get
                0x0000c7da       0x32 contiki-launchpad.a(ringbuf.o)
                0x0000c7da                ringbuf_get
 .text.uart0_active
                0x0000c80c       0x16 contiki-launchpad.a(uart0.o)
                0x0000c80c                uart0_active
 .text.uart0_set_input
                0x0000c822        0x6 contiki-launchpad.a(uart0.o)
                0x0000c822                uart0_set_input
 .text.uart0_writeb
                0x0000c828       0x18 contiki-launchpad.a(uart0.o)
                0x0000c828                uart0_writeb
 .text.putchar  0x0000c840       0x10 contiki-launchpad.a(uart0.o)
                0x0000c840                putchar
 .text.uart0_init
                0x0000c850       0x3e contiki-launchpad.a(uart0.o)
                0x0000c850                uart0_init
 .text.uartA0B0_rx_interrupt
                0x0000c88e       0x38 contiki-launchpad.a(uart0.o)
                0x0000c88e                __isr_7
                0x0000c88e                uartA0B0_rx_interrupt
 .text.setdirport
                0x0000c8c6       0x52 contiki-launchpad.a(interface.o)
                0x0000c8c6                setdirport
 .text.writeport
                0x0000c918       0x52 contiki-launchpad.a(interface.o)
                0x0000c918                writeport
 .text.msp430_init_dco
                0x0000c96a       0x2c contiki-launchpad.a(msp430.o)
                0x0000c96a                msp430_init_dco
 .text.msp430_cpu_init
                0x0000c996       0x3e contiki-launchpad.a(msp430.o)
                0x0000c996                msp430_cpu_init
 .text.clock_time
                0x0000c9d4       0x1a contiki-launchpad.a(clock.o)
                0x0000c9d4                clock_time
 .text.timera0_interrupt
                0x0000c9ee       0xb0 contiki-launchpad.a(clock.o)
                0x0000c9ee                timera0_interrupt
                0x0000c9ee                __isr_9
 .text.clock_init
                0x0000ca9e       0x28 contiki-launchpad.a(clock.o)
                0x0000ca9e                clock_init
 .text.watchdog_interrupt
                0x0000cac6        0x6 contiki-launchpad.a(watchdog.o)
                0x0000cac6                __isr_10
                0x0000cac6                watchdog_interrupt
 .text.watchdog_start
                0x0000cacc       0x14 contiki-launchpad.a(watchdog.o)
                0x0000cacc                watchdog_start
 .text.watchdog_periodic
                0x0000cae0       0x12 contiki-launchpad.a(watchdog.o)
                0x0000cae0                watchdog_periodic
 .text.watchdog_stop
                0x0000caf2       0x16 contiki-launchpad.a(watchdog.o)
                0x0000caf2                watchdog_stop
 .text.watchdog_init
                0x0000cb08       0x14 contiki-launchpad.a(watchdog.o)
                0x0000cb08                watchdog_init
 .text.rtimer_a01_isr
                0x0000cb1c       0xce contiki-launchpad.a(rtimer-arch.o)
                0x0000cb1c                rtimer_a01_isr
                0x0000cb1c                __isr_8
 .text.rtimer_arch_init
                0x0000cbea       0x14 contiki-launchpad.a(rtimer-arch.o)
                0x0000cbea                rtimer_arch_init
 .text.rtimer_arch_schedule
                0x0000cbfe        0x6 contiki-launchpad.a(rtimer-arch.o)
                0x0000cbfe                rtimer_arch_schedule
 .text.timer_set
                0x0000cc04       0x1c contiki-launchpad.a(timer.o)
                0x0000cc04                timer_set
 .text.timer_expired
                0x0000cc20       0x2a contiki-launchpad.a(timer.o)
                0x0000cc20                timer_expired
 .text.list_init
                0x0000cc4a        0x6 contiki-launchpad.a(list.o)
                0x0000cc4a                list_init
 .text.list_head
                0x0000cc50        0x4 contiki-launchpad.a(list.o)
                0x0000cc50                list_head
 .text.list_remove
                0x0000cc54       0x34 contiki-launchpad.a(list.o)
                0x0000cc54                list_remove
 .text          0x0000cc88       0x2c /usr/lib/gcc/msp430/4.6.3/../../../../msp430/lib/libc.a(puts.o)
                0x0000cc88                puts
 .text.crt0     0x0000ccb4        0x2 /usr/lib/gcc/msp430/4.6.3/libcrt0.a(_unexpected_.o)
                0x0000ccb4                _unexpected_
                0x0000ccb6                . = ALIGN (0x2)

.rodata         0x0000ccb6       0x6a
                0x0000ccb6                . = ALIGN (0x2)
 *(.rodata .rodata.* .gnu.linkonce.r.*)
 .rodata.autostart_processes
                0x0000ccb6        0x4 compteur.co
                0x0000ccb6                autostart_processes
 .rodata        0x0000ccba        0x6 compteur.co
 .rodata        0x0000ccc0       0x15 obj_launchpad/contiki-launchpad-main.o
 .rodata        0x0000ccd5        0xe contiki-launchpad.a(serial-line.o)
 .rodata        0x0000cce3        0xc contiki-launchpad.a(etimer.o)
 .rodata        0x0000ccef        0xf contiki-launchpad.a(ctimer.o)
 .rodata.tailleport
                0x0000ccfe        0x2 contiki-launchpad.a(interface.o)
                0x0000ccfe                tailleport
 .rodata.portmap
                0x0000cd00       0x20 contiki-launchpad.a(interface.o)
                0x0000cd00                portmap
                0x0000cd20                . = ALIGN (0x2)
                0x0000cd20                _etext = .

.data           0x00000200       0x36 load address 0x0000cd20
                0x00000200                . = ALIGN (0x2)
                0x00000200                PROVIDE (__data_start, .)
 *(.data .data.* .gnu.linkonce.d.*)
 .data.compteur_process
                0x00000200        0xa compteur.co
                0x00000200                compteur_process
 .data.serial_line_process
                0x0000020a        0xa contiki-launchpad.a(serial-line.o)
                0x0000020a                serial_line_process
 .data.etimer_process
                0x00000214        0xa contiki-launchpad.a(etimer.o)
                0x00000214                etimer_process
 .data.ctimer_process
                0x0000021e        0xa contiki-launchpad.a(ctimer.o)
                0x0000021e                ctimer_process
 .data.portout  0x00000228        0x6 contiki-launchpad.a(interface.o)
                0x00000228                portout
 .data.portdir  0x0000022e        0x6 contiki-launchpad.a(interface.o)
                0x0000022e                portdir
 .data.cur_break
                0x00000234        0x2 contiki-launchpad.a(msp430.o)
                0x00000236                . = ALIGN (0x2)
                0x00000236                _edata = .
                0x0000cd20                PROVIDE (__data_load_start, LOADADDR (.data))
                0x00000036                PROVIDE (__data_size, SIZEOF (.data))

.bss            0x00000236       0xbe load address 0x0000cd56
                0x00000236                PROVIDE (__bss_start, .)
 *(.bss .bss.*)
 .bss.value     0x00000236        0x1 compteur.co
                0x00000236                value
 *fill*         0x00000237        0x1 00
 .bss.et        0x00000238        0xc compteur.co
 .bss.dcoreq    0x00000244        0x1 obj_launchpad/contiki-launchpad-main.o
 .bss.poll_requested
                0x00000245        0x1 contiki-launchpad.a(process.o)
 .bss.process_current
                0x00000246        0x2 contiki-launchpad.a(process.o)
                0x00000246                process_current
 .bss.process_list
                0x00000248        0x2 contiki-launchpad.a(process.o)
                0x00000248                process_list
 .bss.lastevent
                0x0000024a        0x1 contiki-launchpad.a(process.o)
 .bss.fevent    0x0000024b        0x1 contiki-launchpad.a(process.o)
 .bss.nevents   0x0000024c        0x1 contiki-launchpad.a(process.o)
 *fill*         0x0000024d        0x1 00
 .bss.events    0x0000024e       0x30 contiki-launchpad.a(process.o)
 .bss.ev.1739   0x0000027e        0x1 contiki-launchpad.a(process.o)
 *fill*         0x0000027f        0x1 00
 .bss.data.1740
                0x00000280        0x2 contiki-launchpad.a(process.o)
 .bss.receiver.1741
                0x00000282        0x2 contiki-launchpad.a(process.o)
 .bss.p.1742    0x00000284        0x2 contiki-launchpad.a(process.o)
 .bss.snum.1757
                0x00000286        0x1 contiki-launchpad.a(process.o)
 .bss.overflow.1814
                0x00000287        0x1 contiki-launchpad.a(serial-line.o)
 .bss.rxbuf     0x00000288        0x6 contiki-launchpad.a(serial-line.o)
 .bss.ptr.1821  0x0000028e        0x2 contiki-launchpad.a(serial-line.o)
 .bss.buf.1820  0x00000290       0x20 contiki-launchpad.a(serial-line.o)
 .bss.rxbuf_data
                0x000002b0       0x20 contiki-launchpad.a(serial-line.o)
 .bss.timerlist
                0x000002d0        0x2 contiki-launchpad.a(etimer.o)
 .bss.next_expiration
                0x000002d2        0x4 contiki-launchpad.a(etimer.o)
 .bss.initialized
                0x000002d6        0x1 contiki-launchpad.a(ctimer.o)
 *fill*         0x000002d7        0x1 00
 .bss.ctimer_list_list
                0x000002d8        0x2 contiki-launchpad.a(ctimer.o)
 .bss.next_rtimer
                0x000002da        0x2 contiki-launchpad.a(rtimer.o)
 .bss.transmitting
                0x000002dc        0x1 contiki-launchpad.a(uart0.o)
 .bss.rx_in_progress
                0x000002dd        0x1 contiki-launchpad.a(uart0.o)
 .bss.uart0_input_handler
                0x000002de        0x2 contiki-launchpad.a(uart0.o)
 .bss.last_tar  0x000002e0        0x2 contiki-launchpad.a(clock.o)
 .bss.count     0x000002e2        0x4 contiki-launchpad.a(clock.o)
 .bss.seconds   0x000002e6        0x4 contiki-launchpad.a(clock.o)
 .bss.counter   0x000002ea        0x2 contiki-launchpad.a(watchdog.o)
 .bss.period_end
                0x000002ec        0x1 contiki-launchpad.a(rtimer-arch.o)
 *(COMMON)
 COMMON         0x000002ed        0x1 contiki-launchpad.a(process.o)
                0x000002ed                process_maxevents
 COMMON         0x000002ee        0x1 contiki-launchpad.a(serial-line.o)
                0x000002ee                serial_line_event_message
 *fill*         0x000002ef        0x1 00
 COMMON         0x000002f0        0x4 contiki-launchpad.a(rtimer-arch.o)
                0x000002f0                spwm
                0x000002f4                . = ALIGN (0x2)
                0x000002f4                PROVIDE (__bss_end, .)
                0x000000be                PROVIDE (__bss_size, SIZEOF (.bss))

.noinit         0x000002f4        0x2 load address 0x0000cd56
                0x000002f4                PROVIDE (__noinit_start, .)
 *(.noinit .noinit.*)
 .noinit.crt0   0x000002f4        0x2 /usr/lib/gcc/msp430/4.6.3/libcrt0.a(__watchdog_support.o)
                0x000002f4                __wdt_clear_value
                0x000002f6                . = ALIGN (0x2)
                0x000002f6                PROVIDE (__noinit_end, .)
                0x000002f6                . = ALIGN (0x2)
                0x000002f6                _end = .

.infomem        0x00001000        0x0
 *(.infomem)
                0x00001000                . = ALIGN (0x2)
 *(.infomem.*)

.infomemnobits  0x00001000        0x0
 *(.infomemnobits)
                0x00001000                . = ALIGN (0x2)
 *(.infomemnobits.*)

.infoa
 *(.infoa .infoa.*)

.infob
 *(.infob .infob.*)

.infoc
 *(.infoc .infoc.*)

.infod
 *(.infod .infod.*)

.vectors        0x0000ffe0       0x20
                0x0000ffe0                PROVIDE (__vectors_start, .)
 *(.vectors*)
 .vectors       0x0000ffe0       0x20 /usr/lib/gcc/msp430/4.6.3/crt0ivtbl16.o
                0x0000ffe0                __ivtbl_16
                0x00010000                _vectors_end = .

.fartext        0x00000000        0x0
                0x00000000                . = ALIGN (0x2)
 *(.fartext)
                0x00000000                . = ALIGN (0x2)
 *(.fartext.*)
                0x00000000                _efartext = .

.profiler
 *(.profiler)

.stab
 *(.stab)

.stabstr
 *(.stabstr)

.stab.excl
 *(.stab.excl)

.stab.exclstr
 *(.stab.exclstr)

.stab.index
 *(.stab.index)

.stab.indexstr
 *(.stab.indexstr)

.comment
 *(.comment)

.debug
 *(.debug)

.line
 *(.line)

.debug_srcinfo
 *(.debug_srcinfo)

.debug_sfnames
 *(.debug_sfnames)

.debug_aranges  0x00000000      0x358
 *(.debug_aranges)
 .debug_aranges
                0x00000000       0x14 compteur.co
 .debug_aranges
                0x00000014       0x1c obj_launchpad/contiki-launchpad-main.o
 .debug_aranges
                0x00000030       0x44 contiki-launchpad.a(process.o)
 .debug_aranges
                0x00000074       0x18 contiki-launchpad.a(autostart.o)
 .debug_aranges
                0x0000008c       0x1c contiki-launchpad.a(serial-line.o)
 .debug_aranges
                0x000000a8       0x48 contiki-launchpad.a(etimer.o)
 .debug_aranges
                0x000000f0       0x2c contiki-launchpad.a(ctimer.o)
 .debug_aranges
                0x0000011c       0x1c contiki-launchpad.a(rtimer.o)
 .debug_aranges
                0x00000138       0x24 contiki-launchpad.a(ringbuf.o)
 .debug_aranges
                0x0000015c       0x28 contiki-launchpad.a(uart0.o)
 .debug_aranges
                0x00000184       0x1c contiki-launchpad.a(interface.o)
 .debug_aranges
                0x000001a0       0x20 contiki-launchpad.a(msp430.o)
 .debug_aranges
                0x000001c0       0x3c contiki-launchpad.a(clock.o)
 .debug_aranges
                0x000001fc       0x28 contiki-launchpad.a(watchdog.o)
 .debug_aranges
                0x00000224       0x30 contiki-launchpad.a(rtimer-arch.o)
 .debug_aranges
                0x00000254       0x24 contiki-launchpad.a(timer.o)
 .debug_aranges
                0x00000278       0x40 contiki-launchpad.a(list.o)
 .debug_aranges
                0x000002b8       0x14 /usr/lib/gcc/msp430/4.6.3/libgcc.a(_udivmod16.o)
 .debug_aranges
                0x000002cc       0x14 /usr/lib/gcc/msp430/4.6.3/../../../../msp430/lib/libc.a(puts.o)
 .debug_aranges
                0x000002e0       0x14 /usr/lib/gcc/msp430/4.6.3/libcrt0.a(__watchdog_support.o)
 .debug_aranges
                0x000002f4       0x14 /usr/lib/gcc/msp430/4.6.3/libcrt0.a(__init_stack.o)
 .debug_aranges
                0x00000308       0x14 /usr/lib/gcc/msp430/4.6.3/libcrt0.a(_copy_data.o)
 .debug_aranges
                0x0000031c       0x14 /usr/lib/gcc/msp430/4.6.3/libcrt0.a(_clear_bss.o)
 .debug_aranges
                0x00000330       0x14 /usr/lib/gcc/msp430/4.6.3/libcrt0.a(_endless_loop__.o)
 .debug_aranges
                0x00000344       0x14 /usr/lib/gcc/msp430/4.6.3/libcrt0.a(_unexpected_.o)

.debug_pubnames
 *(.debug_pubnames)

.debug_info     0x00000000     0x38f6
 *(.debug_info)
 .debug_info    0x00000000      0x262 compteur.co
 .debug_info    0x00000262      0x2ac obj_launchpad/contiki-launchpad-main.o
 .debug_info    0x0000050e      0x56c contiki-launchpad.a(process.o)
 .debug_info    0x00000a7a      0x1b1 contiki-launchpad.a(autostart.o)
 .debug_info    0x00000c2b      0x300 contiki-launchpad.a(serial-line.o)
 .debug_info    0x00000f2b      0x4c9 contiki-launchpad.a(etimer.o)
 .debug_info    0x000013f4      0x44c contiki-launchpad.a(ctimer.o)
 .debug_info    0x00001840      0x1ac contiki-launchpad.a(rtimer.o)
 .debug_info    0x000019ec      0x1b4 contiki-launchpad.a(ringbuf.o)
 .debug_info    0x00001ba0      0x318 contiki-launchpad.a(uart0.o)
 .debug_info    0x00001eb8      0x3a5 contiki-launchpad.a(interface.o)
 .debug_info    0x0000225d      0x3bf contiki-launchpad.a(msp430.o)
 .debug_info    0x0000261c      0x318 contiki-launchpad.a(clock.o)
 .debug_info    0x00002934      0x163 contiki-launchpad.a(watchdog.o)
 .debug_info    0x00002a97      0x3a9 contiki-launchpad.a(rtimer-arch.o)
 .debug_info    0x00002e40      0x174 contiki-launchpad.a(timer.o)
 .debug_info    0x00002fb4      0x2f4 contiki-launchpad.a(list.o)
 .debug_info    0x000032a8       0xe4 /usr/lib/gcc/msp430/4.6.3/libgcc.a(_udivmod16.o)
 .debug_info    0x0000338c       0x96 /usr/lib/gcc/msp430/4.6.3/../../../../msp430/lib/libc.a(puts.o)
 .debug_info    0x00003422       0xce /usr/lib/gcc/msp430/4.6.3/libcrt0.a(__watchdog_support.o)
 .debug_info    0x000034f0       0xce /usr/lib/gcc/msp430/4.6.3/libcrt0.a(__init_stack.o)
 .debug_info    0x000035be       0xce /usr/lib/gcc/msp430/4.6.3/libcrt0.a(_copy_data.o)
 .debug_info    0x0000368c       0xce /usr/lib/gcc/msp430/4.6.3/libcrt0.a(_clear_bss.o)
 .debug_info    0x0000375a       0xce /usr/lib/gcc/msp430/4.6.3/libcrt0.a(_endless_loop__.o)
 .debug_info    0x00003828       0xce /usr/lib/gcc/msp430/4.6.3/libcrt0.a(_unexpected_.o)
 *(.gnu.linkonce.wi.*)

.debug_abbrev   0x00000000     0x19bb
 *(.debug_abbrev)
 .debug_abbrev  0x00000000      0x14a compteur.co
 .debug_abbrev  0x0000014a      0x17a obj_launchpad/contiki-launchpad-main.o
 .debug_abbrev  0x000002c4      0x347 contiki-launchpad.a(process.o)
 .debug_abbrev  0x0000060b       0xf7 contiki-launchpad.a(autostart.o)
 .debug_abbrev  0x00000702      0x1bf contiki-launchpad.a(serial-line.o)
 .debug_abbrev  0x000008c1      0x28d contiki-launchpad.a(etimer.o)
 .debug_abbrev  0x00000b4e      0x1c6 contiki-launchpad.a(ctimer.o)
 .debug_abbrev  0x00000d14      0x12c contiki-launchpad.a(rtimer.o)
 .debug_abbrev  0x00000e40      0x10b contiki-launchpad.a(ringbuf.o)
 .debug_abbrev  0x00000f4b      0x138 contiki-launchpad.a(uart0.o)
 .debug_abbrev  0x00001083      0x12f contiki-launchpad.a(interface.o)
 .debug_abbrev  0x000011b2      0x13e contiki-launchpad.a(msp430.o)
 .debug_abbrev  0x000012f0      0x136 contiki-launchpad.a(clock.o)
 .debug_abbrev  0x00001426       0xd7 contiki-launchpad.a(watchdog.o)
 .debug_abbrev  0x000014fd      0x185 contiki-launchpad.a(rtimer-arch.o)
 .debug_abbrev  0x00001682       0xfa contiki-launchpad.a(timer.o)
 .debug_abbrev  0x0000177c      0x153 contiki-launchpad.a(list.o)
 .debug_abbrev  0x000018cf       0x14 /usr/lib/gcc/msp430/4.6.3/libgcc.a(_udivmod16.o)
 .debug_abbrev  0x000018e3       0x60 /usr/lib/gcc/msp430/4.6.3/../../../../msp430/lib/libc.a(puts.o)
 .debug_abbrev  0x00001943       0x14 /usr/lib/gcc/msp430/4.6.3/libcrt0.a(__watchdog_support.o)
 .debug_abbrev  0x00001957       0x14 /usr/lib/gcc/msp430/4.6.3/libcrt0.a(__init_stack.o)
 .debug_abbrev  0x0000196b       0x14 /usr/lib/gcc/msp430/4.6.3/libcrt0.a(_copy_data.o)
 .debug_abbrev  0x0000197f       0x14 /usr/lib/gcc/msp430/4.6.3/libcrt0.a(_clear_bss.o)
 .debug_abbrev  0x00001993       0x14 /usr/lib/gcc/msp430/4.6.3/libcrt0.a(_endless_loop__.o)
 .debug_abbrev  0x000019a7       0x14 /usr/lib/gcc/msp430/4.6.3/libcrt0.a(_unexpected_.o)

.debug_line     0x00000000     0x1a0a
 *(.debug_line)
 .debug_line    0x00000000       0xc4 compteur.co
 .debug_line    0x000000c4      0x1bb obj_launchpad/contiki-launchpad-main.o
 .debug_line    0x0000027f      0x1d3 contiki-launchpad.a(process.o)
 .debug_line    0x00000452       0xa3 contiki-launchpad.a(autostart.o)
 .debug_line    0x000004f5      0x15d contiki-launchpad.a(serial-line.o)
 .debug_line    0x00000652      0x217 contiki-launchpad.a(etimer.o)
 .debug_line    0x00000869      0x1a4 contiki-launchpad.a(ctimer.o)
 .debug_line    0x00000a0d       0x8d contiki-launchpad.a(rtimer.o)
 .debug_line    0x00000a9a      0x105 contiki-launchpad.a(ringbuf.o)
 .debug_line    0x00000b9f      0x119 contiki-launchpad.a(uart0.o)
 .debug_line    0x00000cb8      0x10c contiki-launchpad.a(interface.o)
 .debug_line    0x00000dc4      0x147 contiki-launchpad.a(msp430.o)
 .debug_line    0x00000f0b      0x1f4 contiki-launchpad.a(clock.o)
 .debug_line    0x000010ff      0x103 contiki-launchpad.a(watchdog.o)
 .debug_line    0x00001202      0x193 contiki-launchpad.a(rtimer-arch.o)
 .debug_line    0x00001395       0xd5 contiki-launchpad.a(timer.o)
 .debug_line    0x0000146a      0x14f contiki-launchpad.a(list.o)
 .debug_line    0x000015b9       0xa7 /usr/lib/gcc/msp430/4.6.3/libgcc.a(_udivmod16.o)
 .debug_line    0x00001660       0x4d /usr/lib/gcc/msp430/4.6.3/../../../../msp430/lib/libc.a(puts.o)
 .debug_line    0x000016ad       0x8f /usr/lib/gcc/msp430/4.6.3/libcrt0.a(__watchdog_support.o)
 .debug_line    0x0000173c       0x8d /usr/lib/gcc/msp430/4.6.3/libcrt0.a(__init_stack.o)
 .debug_line    0x000017c9       0x93 /usr/lib/gcc/msp430/4.6.3/libcrt0.a(_copy_data.o)
 .debug_line    0x0000185c       0x93 /usr/lib/gcc/msp430/4.6.3/libcrt0.a(_clear_bss.o)
 .debug_line    0x000018ef       0x8e /usr/lib/gcc/msp430/4.6.3/libcrt0.a(_endless_loop__.o)
 .debug_line    0x0000197d       0x8d /usr/lib/gcc/msp430/4.6.3/libcrt0.a(_unexpected_.o)

.debug_frame    0x00000000      0x814
 *(.debug_frame)
 .debug_frame   0x00000000       0x24 compteur.co
 .debug_frame   0x00000024       0x36 obj_launchpad/contiki-launchpad-main.o
 .debug_frame   0x0000005a       0xe8 contiki-launchpad.a(process.o)
 .debug_frame   0x00000142       0x36 contiki-launchpad.a(autostart.o)
 .debug_frame   0x00000178       0x3c contiki-launchpad.a(serial-line.o)
 .debug_frame   0x000001b4       0xf8 contiki-launchpad.a(etimer.o)
 .debug_frame   0x000002ac       0xaa contiki-launchpad.a(ctimer.o)
 .debug_frame   0x00000356       0x36 contiki-launchpad.a(rtimer.o)
 .debug_frame   0x0000038c       0x5e contiki-launchpad.a(ringbuf.o)
 .debug_frame   0x000003ea       0x7a contiki-launchpad.a(uart0.o)
 .debug_frame   0x00000464       0x72 contiki-launchpad.a(interface.o)
 .debug_frame   0x000004d6       0x42 contiki-launchpad.a(msp430.o)
 .debug_frame   0x00000518       0xc8 contiki-launchpad.a(clock.o)
 .debug_frame   0x000005e0       0x5a contiki-launchpad.a(watchdog.o)
 .debug_frame   0x0000063a       0x90 contiki-launchpad.a(rtimer-arch.o)
 .debug_frame   0x000006ca       0x6a contiki-launchpad.a(timer.o)
 .debug_frame   0x00000734       0xbc contiki-launchpad.a(list.o)
 .debug_frame   0x000007f0       0x24 /usr/lib/gcc/msp430/4.6.3/../../../../msp430/lib/libc.a(puts.o)

.debug_str      0x00000000      0xeb4
 *(.debug_str)
 .debug_str     0x00000000      0x185 compteur.co
                                0x1ed (size before relaxing)
 .debug_str     0x00000185       0xef obj_launchpad/contiki-launchpad-main.o
                                0x267 (size before relaxing)
 .debug_str     0x00000274      0x1d2 contiki-launchpad.a(process.o)
                                0x2b2 (size before relaxing)
 .debug_str     0x00000446       0x3a contiki-launchpad.a(autostart.o)
                                0x16a (size before relaxing)
 .debug_str     0x00000480       0xb9 contiki-launchpad.a(serial-line.o)
                                0x229 (size before relaxing)
 .debug_str     0x00000539      0x133 contiki-launchpad.a(etimer.o)
                                0x2bf (size before relaxing)
 .debug_str     0x0000066c       0xc7 contiki-launchpad.a(ctimer.o)
                                0x253 (size before relaxing)
 .debug_str     0x00000733       0xc7 contiki-launchpad.a(rtimer.o)
                                0x1ac (size before relaxing)
 .debug_str     0x000007fa       0x64 contiki-launchpad.a(ringbuf.o)
                                0x16c (size before relaxing)
 .debug_str     0x0000085e      0x10f contiki-launchpad.a(uart0.o)
                                0x247 (size before relaxing)
 .debug_str     0x0000096d       0xbd contiki-launchpad.a(interface.o)
                                0x1c8 (size before relaxing)
 .debug_str     0x00000a2a       0xdc contiki-launchpad.a(msp430.o)
                                0x262 (size before relaxing)
 .debug_str     0x00000b06       0xed contiki-launchpad.a(clock.o)
                                0x21c (size before relaxing)
 .debug_str     0x00000bf3       0x9b contiki-launchpad.a(watchdog.o)
                                0x188 (size before relaxing)
 .debug_str     0x00000c8e      0x10f contiki-launchpad.a(rtimer-arch.o)
                                0x28a (size before relaxing)
 .debug_str     0x00000d9d       0x27 contiki-launchpad.a(timer.o)
                                0x159 (size before relaxing)
 .debug_str     0x00000dc4       0xa8 contiki-launchpad.a(list.o)
                                0x11d (size before relaxing)
 .debug_str     0x00000e6c       0x48 /usr/lib/gcc/msp430/4.6.3/../../../../msp430/lib/libc.a(puts.o)
                                 0xfc (size before relaxing)

.debug_loc      0x00000000      0xf9b
 *(.debug_loc)
 .debug_loc     0x00000000       0x7c compteur.co
 .debug_loc     0x0000007c        0xb obj_launchpad/contiki-launchpad-main.o
 .debug_loc     0x00000087      0x21d contiki-launchpad.a(process.o)
 .debug_loc     0x000002a4       0x56 contiki-launchpad.a(autostart.o)
 .debug_loc     0x000002fa       0xa9 contiki-launchpad.a(serial-line.o)
 .debug_loc     0x000003a3      0x270 contiki-launchpad.a(etimer.o)
 .debug_loc     0x00000613      0x205 contiki-launchpad.a(ctimer.o)
 .debug_loc     0x00000818       0x5b contiki-launchpad.a(rtimer.o)
 .debug_loc     0x00000873       0xa3 contiki-launchpad.a(ringbuf.o)
 .debug_loc     0x00000916       0xa6 contiki-launchpad.a(uart0.o)
 .debug_loc     0x000009bc      0x16d contiki-launchpad.a(interface.o)
 .debug_loc     0x00000b29       0x60 contiki-launchpad.a(msp430.o)
 .debug_loc     0x00000b89       0xd4 contiki-launchpad.a(clock.o)
 .debug_loc     0x00000c5d       0xb3 contiki-launchpad.a(rtimer-arch.o)
 .debug_loc     0x00000d10       0xb9 contiki-launchpad.a(timer.o)
 .debug_loc     0x00000dc9      0x1ac contiki-launchpad.a(list.o)
 .debug_loc     0x00000f75       0x26 /usr/lib/gcc/msp430/4.6.3/../../../../msp430/lib/libc.a(puts.o)

.debug_macinfo
 *(.debug_macinfo)

.debug_pubtypes
 *(.debug_pubtypes)

.debug_ranges   0x00000000      0x1f8
 *(.debug_ranges)
 .debug_ranges  0x00000000        0x8 compteur.co
 .debug_ranges  0x00000008       0x10 obj_launchpad/contiki-launchpad-main.o
 .debug_ranges  0x00000018       0x38 contiki-launchpad.a(process.o)
 .debug_ranges  0x00000050        0xc contiki-launchpad.a(autostart.o)
 .debug_ranges  0x0000005c       0x1c contiki-launchpad.a(serial-line.o)
 .debug_ranges  0x00000078       0x3c contiki-launchpad.a(etimer.o)
 .debug_ranges  0x000000b4       0x20 contiki-launchpad.a(ctimer.o)
 .debug_ranges  0x000000d4       0x10 contiki-launchpad.a(rtimer.o)
 .debug_ranges  0x000000e4       0x18 contiki-launchpad.a(ringbuf.o)
 .debug_ranges  0x000000fc       0x1c contiki-launchpad.a(uart0.o)
 .debug_ranges  0x00000118       0x10 contiki-launchpad.a(interface.o)
 .debug_ranges  0x00000128       0x14 contiki-launchpad.a(msp430.o)
 .debug_ranges  0x0000013c       0x30 contiki-launchpad.a(clock.o)
 .debug_ranges  0x0000016c       0x1c contiki-launchpad.a(watchdog.o)
 .debug_ranges  0x00000188       0x24 contiki-launchpad.a(rtimer-arch.o)
 .debug_ranges  0x000001ac       0x18 contiki-launchpad.a(timer.o)
 .debug_ranges  0x000001c4       0x34 contiki-launchpad.a(list.o)
                0x00000400                PROVIDE (__stack, (ORIGIN (ram) + 0x200))
                0x0000cd20                PROVIDE (__data_start_rom, _etext)
                0x0000cd56                PROVIDE (__data_end_rom, (_etext + SIZEOF (.data)))
OUTPUT(compteur.launchpad elf32-msp430)
